Total profit is 11.601717829709045
value_ratio_gold_to_total is 0.16960604465170856
value_ratio_tb_to_total is 0.3884420183570786
risk_ratio_tb_to_reit is 0.752706760616598
value_ratio_reit_to_total is 0.4419519369912129
risk_ratio_gold_to_total is 0.7951748498000852
risk_ratio_tb_to_gold is 0.11062090353851167
risk_ratio_reit_to_gold is 0.1469641423811497
Total profit is 11.500261903610365
value_ratio_gold_to_total is 0.1711023182562837
value_ratio_tb_to_total is 0.3918688746355157
risk_ratio_tb_to_reit is 0.7476015852587624
value_ratio_reit_to_total is 0.43702880710820063
risk_ratio_gold_to_total is 0.7932842387056661
risk_ratio_tb_to_gold is 0.11147373410153211
risk_ratio_reit_to_gold is 0.14910847742912214
Total profit is 11.661398103252651
value_ratio_gold_to_total is 0.1687380410855976
value_ratio_tb_to_total is 0.3864540641078437
risk_ratio_tb_to_reit is 0.7536976643234959
value_ratio_reit_to_total is 0.4448078948065587
risk_ratio_gold_to_total is 0.7942486757607193
risk_ratio_tb_to_gold is 0.11133419812735351
risk_ratio_reit_to_gold is 0.14771731875709723
Total profit is 11.703371759265622
value_ratio_gold_to_total is 0.1681328691199013
value_ratio_tb_to_total is 0.385068062681474
risk_ratio_tb_to_reit is 0.7545714622652576
value_ratio_reit_to_total is 0.44679906819862475
risk_ratio_gold_to_total is 0.7944374739646715
risk_ratio_tb_to_gold is 0.11127908317950223
risk_ratio_reit_to_gold is 0.1474732198928348
Total profit is 11.700678316027492
value_ratio_gold_to_total is 0.16817157254607942
value_ratio_tb_to_total is 0.3851567036082336
risk_ratio_tb_to_reit is 0.7535404867377318
value_ratio_reit_to_total is 0.446671723845687
risk_ratio_gold_to_total is 0.7940159454140225
risk_ratio_tb_to_gold is 0.11147954110324934
risk_ratio_reit_to_gold is 0.14794101055654302
Total profit is 11.74772845999452
value_ratio_gold_to_total is 0.16749803836230936
value_ratio_tb_to_total is 0.3836141348966445
risk_ratio_tb_to_reit is 0.7547957459386007
value_ratio_reit_to_total is 0.44888782674104616
risk_ratio_gold_to_total is 0.794271968328557
risk_ratio_tb_to_gold is 0.11141075216050461
risk_ratio_reit_to_gold is 0.1476038421784738
Total profit is 11.571972389629124
value_ratio_gold_to_total is 0.170042012373417
value_ratio_tb_to_total is 0.3894404979932657
risk_ratio_tb_to_reit is 0.7466101565080787
value_ratio_reit_to_total is 0.44051748963331727
risk_ratio_gold_to_total is 0.7938056981342044
risk_ratio_tb_to_gold is 0.11103511833084308
risk_ratio_reit_to_gold is 0.14871900330174737
Total profit is 11.611660328029018
value_ratio_gold_to_total is 0.16946081926908724
value_ratio_tb_to_total is 0.38810941440503227
risk_ratio_tb_to_reit is 0.748711533697314
value_ratio_reit_to_total is 0.4424297663258805
risk_ratio_gold_to_total is 0.7890557570378879
risk_ratio_tb_to_gold is 0.11446068306069619
risk_ratio_reit_to_gold is 0.15287687969151798
Total profit is 11.825548867584288
value_ratio_gold_to_total is 0.16639578376408332
value_ratio_tb_to_total is 0.3810896847701319
risk_ratio_tb_to_reit is 0.7564574430336669
value_ratio_reit_to_total is 0.45251453146578474
risk_ratio_gold_to_total is 0.7902154718762844
risk_ratio_tb_to_gold is 0.11433384141362142
risk_ratio_reit_to_gold is 0.15114378537291076
Total profit is 11.633969768655248
value_ratio_gold_to_total is 0.16913585915992985
value_ratio_tb_to_total is 0.38736517111496643
risk_ratio_tb_to_reit is 0.7477096065434785
value_ratio_reit_to_total is 0.4434989697251037
risk_ratio_gold_to_total is 0.788913449779243
risk_ratio_tb_to_gold is 0.11447084512652998
risk_ratio_reit_to_gold is 0.15309532487579938
Total profit is 11.597964606029706
value_ratio_gold_to_total is 0.16966093095672583
value_ratio_tb_to_total is 0.38856772229142156
risk_ratio_tb_to_reit is 0.7452032684442392
value_ratio_reit_to_total is 0.44177134675185264
risk_ratio_gold_to_total is 0.7889101988717021
risk_ratio_tb_to_gold is 0.11425321076391076
risk_ratio_reit_to_gold is 0.15331818257109522
Total profit is 11.617922845295894
value_ratio_gold_to_total is 0.16936947322376888
value_ratio_tb_to_total is 0.3879002081689853
risk_ratio_tb_to_reit is 0.7450505028918109
value_ratio_reit_to_total is 0.4427303186072459
risk_ratio_gold_to_total is 0.789391760096758
risk_ratio_tb_to_gold is 0.11390964065522602
risk_ratio_reit_to_gold is 0.15288848234193717
Total profit is 11.554236280713269
value_ratio_gold_to_total is 0.17030303210492106
value_ratio_tb_to_total is 0.3900383011644007
risk_ratio_tb_to_reit is 0.7445608362652818
value_ratio_reit_to_total is 0.43965866673067827
risk_ratio_gold_to_total is 0.7880614946058672
risk_ratio_tb_to_gold is 0.11477936804496167
risk_ratio_reit_to_gold is 0.1541571386170338
Total profit is 11.403105916625435
value_ratio_gold_to_total is 0.1725601328839074
value_ratio_tb_to_total is 0.39520764983959217
risk_ratio_tb_to_reit is 0.7377175371184382
value_ratio_reit_to_total is 0.4322322172765004
risk_ratio_gold_to_total is 0.7875255344541123
risk_ratio_tb_to_gold is 0.11453890450223328
risk_ratio_reit_to_gold is 0.15526119244721767
Total profit is 11.535102229380541
value_ratio_gold_to_total is 0.17058552521972978
value_ratio_tb_to_total is 0.3906852839763259
risk_ratio_tb_to_reit is 0.7422465937136601
value_ratio_reit_to_total is 0.4387291908039443
risk_ratio_gold_to_total is 0.7875626989606077
risk_ratio_tb_to_gold is 0.1149169856645072
risk_ratio_reit_to_gold is 0.15482319034910824
Total profit is 15.131318148290909
value_ratio_gold_to_total is 0.27338407178576496
value_ratio_tb_to_total is 0.29753849752669687
risk_ratio_tb_to_reit is 1.1513184788702795
value_ratio_reit_to_total is 0.4290774306875382
risk_ratio_gold_to_total is 0.9883364540937085
risk_ratio_tb_to_gold is 0.006315628215581307
risk_ratio_reit_to_gold is 0.005485561407629329
Total profit is 14.808119286944681
value_ratio_gold_to_total is 0.2793508943781014
value_ratio_tb_to_total is 0.30403250947675436
risk_ratio_tb_to_reit is 1.1517606102187314
value_ratio_reit_to_total is 0.41661659614514424
risk_ratio_gold_to_total is 0.988180892170885
risk_ratio_tb_to_gold is 0.006402012407762267
risk_ratio_reit_to_gold is 0.00555845750493799
Total profit is 15.165553563743806
value_ratio_gold_to_total is 0.272766922056515
value_ratio_tb_to_total is 0.29686682049009927
risk_ratio_tb_to_reit is 1.151554455109887
value_ratio_reit_to_total is 0.43036625745338575
risk_ratio_gold_to_total is 0.9882365930794655
risk_ratio_tb_to_gold is 0.006370951906775824
risk_ratio_reit_to_gold is 0.005532479926160223
Total profit is 15.239613769208056
value_ratio_gold_to_total is 0.27144135209146947
value_ratio_tb_to_total is 0.29542413184628086
risk_ratio_tb_to_reit is 1.1517562978120013
value_ratio_reit_to_total is 0.4331345160622497
risk_ratio_gold_to_total is 0.9882966024845309
risk_ratio_tb_to_gold is 0.0063385827877790075
risk_ratio_reit_to_gold is 0.005503406232568863
Total profit is 14.828811756754853
value_ratio_gold_to_total is 0.2789610816241746
value_ratio_tb_to_total is 0.3036082554214156
risk_ratio_tb_to_reit is 1.1516692628355127
value_ratio_reit_to_total is 0.41743066295440984
risk_ratio_gold_to_total is 0.9882203913024693
risk_ratio_tb_to_gold is 0.006380126844487645
risk_ratio_reit_to_gold is 0.005539895046585859
Total profit is 15.04237993998104
value_ratio_gold_to_total is 0.27500045759852176
value_ratio_tb_to_total is 0.29929769660149885
risk_ratio_tb_to_reit is 1.1513832528461814
value_ratio_reit_to_total is 0.4257018457999794
risk_ratio_gold_to_total is 0.988173275386152
risk_ratio_tb_to_gold is 0.006405211939972077
risk_ratio_reit_to_gold is 0.005563058107835601
Total profit is 15.043507863821425
value_ratio_gold_to_total is 0.2749798387657967
value_ratio_tb_to_total is 0.29927525602378086
risk_ratio_tb_to_reit is 1.1514697631328359
value_ratio_reit_to_total is 0.42574490521042246
risk_ratio_gold_to_total is 0.988175118069445
risk_ratio_tb_to_gold is 0.006404425677178712
risk_ratio_reit_to_gold is 0.005561957319447115
Total profit is 15.136699711071735
value_ratio_gold_to_total is 0.2732868753312091
value_ratio_tb_to_total is 0.2974327134301159
risk_ratio_tb_to_reit is 1.151767864554445
value_ratio_reit_to_total is 0.429280411238675
risk_ratio_gold_to_total is 0.9884022677164406
risk_ratio_tb_to_gold is 0.006280712097661544
risk_ratio_reit_to_gold is 0.005453105865296218
Total profit is 15.009275140650296
value_ratio_gold_to_total is 0.2756070048754123
value_ratio_tb_to_total is 0.2999578344224994
risk_ratio_tb_to_reit is 1.1518134635999193
value_ratio_reit_to_total is 0.4244351607020883
risk_ratio_gold_to_total is 0.9887827249082931
risk_ratio_tb_to_gold is 0.006072451161164911
risk_ratio_reit_to_gold is 0.005272078642131733
Total profit is 14.813081823450268
value_ratio_gold_to_total is 0.279257308922506
value_ratio_tb_to_total is 0.30393065542334763
risk_ratio_tb_to_reit is 1.1528730841606105
value_ratio_reit_to_total is 0.4168120356541464
risk_ratio_gold_to_total is 0.9894368478450981
risk_ratio_tb_to_gold is 0.0057170044120441865
risk_ratio_reit_to_gold is 0.004958919147814654
Total profit is 15.214180834427559
value_ratio_gold_to_total is 0.27189510969298625
value_ratio_tb_to_total is 0.2959179804970626
risk_ratio_tb_to_reit is 1.1517581461309059
value_ratio_reit_to_total is 0.43218690980995117
risk_ratio_gold_to_total is 0.989476343177909
risk_ratio_tb_to_gold is 0.00569284158288254
risk_ratio_reit_to_gold is 0.0049427404546748535
Total profit is 14.913295164969703
value_ratio_gold_to_total is 0.27738077474536554
value_ratio_tb_to_total is 0.3018883229788247
risk_ratio_tb_to_reit is 1.151896334669194
value_ratio_reit_to_total is 0.42073090227580984
risk_ratio_gold_to_total is 0.9895111539807134
risk_ratio_tb_to_gold is 0.005674127186290723
risk_ratio_reit_to_gold is 0.004925900895344233
Total profit is 14.920418128869507
value_ratio_gold_to_total is 0.2772483539761923
value_ratio_tb_to_total is 0.30174420237792876
risk_ratio_tb_to_reit is 1.1520887405879585
value_ratio_reit_to_total is 0.4210074436458789
risk_ratio_gold_to_total is 0.9895191858684171
risk_ratio_tb_to_gold is 0.005670176228619805
risk_ratio_reit_to_gold is 0.004921648852957351
Total profit is 14.857017978541428
value_ratio_gold_to_total is 0.2784314707594991
value_ratio_tb_to_total is 0.30303185161003027
risk_ratio_tb_to_reit is 1.1529893888419005
value_ratio_reit_to_total is 0.41853667763047064
risk_ratio_gold_to_total is 0.9898280488178378
risk_ratio_tb_to_gold is 0.005503360114727507
risk_ratio_reit_to_gold is 0.00477312295150891
Total profit is 15.180765178955149
value_ratio_gold_to_total is 0.27249360082324425
value_ratio_tb_to_total is 0.2965693503830871
risk_ratio_tb_to_reit is 1.15234520107572
value_ratio_reit_to_total is 0.4309370487936686
risk_ratio_gold_to_total is 0.990630708409267
risk_ratio_tb_to_gold is 0.0050636728575067435
risk_ratio_reit_to_gold is 0.004394232607364338
Total profit is 15.15532943380439
value_ratio_gold_to_total is 0.27295093682613525
value_ratio_tb_to_total is 0.2970670935993477
risk_ratio_tb_to_reit is 1.1526039804336903
value_ratio_reit_to_total is 0.42998196957451706
risk_ratio_gold_to_total is 0.9906697007553924
risk_ratio_tb_to_gold is 0.005042926848031403
risk_ratio_reit_to_gold is 0.004375246774814972
Total profit is 15.05578172945031
value_ratio_gold_to_total is 0.27475566803508916
value_ratio_tb_to_total is 0.299031279035771
risk_ratio_tb_to_reit is 1.152862273895676
value_ratio_reit_to_total is 0.42621305292913986
risk_ratio_gold_to_total is 0.9906439321950401
risk_ratio_tb_to_gold is 0.005057512408979588
risk_ratio_reit_to_gold is 0.004386918128467832
Total profit is 14.949314771023587
value_ratio_gold_to_total is 0.27671244001656475
value_ratio_tb_to_total is 0.30116093857141074
risk_ratio_tb_to_reit is 1.1539856690666386
value_ratio_reit_to_total is 0.4221266214120245
risk_ratio_gold_to_total is 0.990683499538231
risk_ratio_tb_to_gold is 0.005038200958747694
risk_ratio_reit_to_gold is 0.004365912934449757
Total profit is 15.141895556859204
value_ratio_gold_to_total is 0.2731930986666807
value_ratio_tb_to_total is 0.2973306512738074
risk_ratio_tb_to_reit is 1.15327011884701
value_ratio_reit_to_total is 0.42947625005951195
risk_ratio_gold_to_total is 0.9907179401368198
risk_ratio_tb_to_gold is 0.005017956169902279
risk_ratio_reit_to_gold is 0.004351067532139839
Total profit is 14.966558814734846
value_ratio_gold_to_total is 0.2763936198074465
value_ratio_tb_to_total is 0.30081394949709284
risk_ratio_tb_to_reit is 1.1548208025968538
value_ratio_reit_to_total is 0.42279243069546063
risk_ratio_gold_to_total is 0.9907020356300569
risk_ratio_tb_to_gold is 0.005029771563822901
risk_ratio_reit_to_gold is 0.0043554563205931325
Total profit is 15.001549294413188
value_ratio_gold_to_total is 0.27574894337121353
value_ratio_tb_to_total is 0.30011231367400093
risk_ratio_tb_to_reit is 1.1550667248667381
value_ratio_reit_to_total is 0.4241387429547856
risk_ratio_gold_to_total is 0.9907374811492784
risk_ratio_tb_to_gold is 0.005010913006747256
risk_ratio_reit_to_gold is 0.004338202199812633
Total profit is 14.875128676726852
value_ratio_gold_to_total is 0.2780924761570431
value_ratio_tb_to_total is 0.3026629056651346
risk_ratio_tb_to_reit is 1.154828026965847
value_ratio_reit_to_total is 0.4192446181778223
risk_ratio_gold_to_total is 0.9907022018660826
risk_ratio_tb_to_gold is 0.005029695395835343
risk_ratio_reit_to_gold is 0.004355363117615166
Total profit is 11.781724250974648
value_ratio_gold_to_total is 0.1780318460248772
value_ratio_tb_to_total is 0.38252219024701417
risk_ratio_tb_to_reit is 0.734350699306227
value_ratio_reit_to_total is 0.4394459637281086
risk_ratio_gold_to_total is 0.7680997715353813
risk_ratio_tb_to_gold is 0.12783510531750428
risk_ratio_reit_to_gold is 0.17407909523103288
Total profit is 11.352699432662064
value_ratio_gold_to_total is 0.18475976838798752
value_ratio_tb_to_total is 0.3969779163185689
risk_ratio_tb_to_reit is 0.715787922097427
value_ratio_reit_to_total is 0.4182623152934436
risk_ratio_gold_to_total is 0.7673880950511353
risk_ratio_tb_to_gold is 0.12645547583090427
risk_ratio_reit_to_gold is 0.17666612124490724
Total profit is 11.611803208402847
value_ratio_gold_to_total is 0.18063707075566132
value_ratio_tb_to_total is 0.38811981950468066
risk_ratio_tb_to_reit is 0.7265702504687911
value_ratio_reit_to_total is 0.431243109739658
risk_ratio_gold_to_total is 0.7708875754985101
risk_ratio_tb_to_gold is 0.12506936735721033
risk_ratio_reit_to_gold is 0.172136647869238
Total profit is 11.612972584454084
value_ratio_gold_to_total is 0.18061888138485457
value_ratio_tb_to_total is 0.3880807375195439
risk_ratio_tb_to_reit is 0.7261262937733926
value_ratio_reit_to_total is 0.43130038109560154
risk_ratio_gold_to_total is 0.7705838980110338
risk_ratio_tb_to_gold is 0.1252401449856694
risk_ratio_reit_to_gold is 0.17247708292567904
Total profit is 11.487247699030547
value_ratio_gold_to_total is 0.18259570723229884
value_ratio_tb_to_total is 0.39232817846780904
risk_ratio_tb_to_reit is 0.7207306133115314
value_ratio_reit_to_total is 0.42507611429989217
risk_ratio_gold_to_total is 0.7704955439423149
risk_ratio_tb_to_gold is 0.12476163997337944
risk_ratio_reit_to_gold is 0.17310439943731373
Total profit is 11.643567240593953
value_ratio_gold_to_total is 0.18014428691958867
value_ratio_tb_to_total is 0.38706101594508324
risk_ratio_tb_to_reit is 0.726081506018161
value_ratio_reit_to_total is 0.4327946971353281
risk_ratio_gold_to_total is 0.7713770688977972
risk_ratio_tb_to_gold is 0.12467435779224342
risk_ratio_reit_to_gold is 0.1717084883155322
Total profit is 11.603592145276451
value_ratio_gold_to_total is 0.18076489517178798
value_ratio_tb_to_total is 0.38839446517463
risk_ratio_tb_to_reit is 0.7233952335109899
value_ratio_reit_to_total is 0.430840639653582
risk_ratio_gold_to_total is 0.7706207706831608
risk_ratio_tb_to_gold is 0.12494075734960594
risk_ratio_reit_to_gold is 0.17271437737183795
Total profit is 11.634354073748213
value_ratio_gold_to_total is 0.18028694197041284
value_ratio_tb_to_total is 0.387367526963811
risk_ratio_tb_to_reit is 0.7236639480809293
value_ratio_reit_to_total is 0.43234553106577617
risk_ratio_gold_to_total is 0.7706315956424704
risk_ratio_tb_to_gold is 0.12496003020809636
risk_ratio_reit_to_gold is 0.1726768765246293
Total profit is 11.473880800196028
value_ratio_gold_to_total is 0.1828084284892732
value_ratio_tb_to_total is 0.3927852349043218
risk_ratio_tb_to_reit is 0.7166782854792327
value_ratio_reit_to_total is 0.424406336606405
risk_ratio_gold_to_total is 0.7692397803013027
risk_ratio_tb_to_gold is 0.12523754363584877
risk_ratio_reit_to_gold is 0.1747472278333425
Total profit is 11.32259343072532
value_ratio_gold_to_total is 0.1852510319822297
value_ratio_tb_to_total is 0.39803345346124325
risk_ratio_tb_to_reit is 0.7105846579361138
value_ratio_reit_to_total is 0.41671551455652706
risk_ratio_gold_to_total is 0.7688083844337736
risk_ratio_tb_to_gold is 0.12491805765405573
risk_ratio_reit_to_gold is 0.17579616483260277
Total profit is 11.462489096629085
value_ratio_gold_to_total is 0.18299010800140472
value_ratio_tb_to_total is 0.393175594530733
risk_ratio_tb_to_reit is 0.7149967472886358
value_ratio_reit_to_total is 0.4238342974678623
risk_ratio_gold_to_total is 0.7709558836573093
risk_ratio_tb_to_gold is 0.12385980113481616
risk_ratio_reit_to_gold is 0.1732312791694637
Total profit is 11.535998028879376
value_ratio_gold_to_total is 0.18182407040172116
value_ratio_tb_to_total is 0.3906702267187349
risk_ratio_tb_to_reit is 0.7170994707561639
value_ratio_reit_to_total is 0.4275057028795439
risk_ratio_gold_to_total is 0.7713299117650095
risk_ratio_tb_to_gold is 0.12380926162598946
risk_ratio_reit_to_gold is 0.17265284200452083
Total profit is 11.340513034026444
value_ratio_gold_to_total is 0.18495830933429613
value_ratio_tb_to_total is 0.39740450470335187
risk_ratio_tb_to_reit is 0.7093782029831947
value_ratio_reit_to_total is 0.417637185962352
risk_ratio_gold_to_total is 0.7701938966970826
risk_ratio_tb_to_gold is 0.1238229549503406
risk_ratio_reit_to_gold is 0.1745513950522018
Total profit is 11.61622510132726
value_ratio_gold_to_total is 0.1805683085047499
value_ratio_tb_to_total is 0.3879720757868445
risk_ratio_tb_to_reit is 0.7188138743342704
value_ratio_reit_to_total is 0.43145961570840563
risk_ratio_gold_to_total is 0.7714541126004342
risk_ratio_tb_to_gold is 0.12389418199111113
risk_ratio_reit_to_gold is 0.17235919674735795
Total profit is 11.43008622746295
value_ratio_gold_to_total is 0.18350886213941112
value_ratio_tb_to_total is 0.3942901983137111
risk_ratio_tb_to_reit is 0.7125451914662888
value_ratio_reit_to_total is 0.42220093954687776
risk_ratio_gold_to_total is 0.7661769779112841
risk_ratio_tb_to_gold is 0.12697801806809705
risk_ratio_reit_to_gold is 0.17820345935785395
Total profit is 11.804461069685317
value_ratio_gold_to_total is 0.17768893517245476
value_ratio_tb_to_total is 0.3817854062768599
risk_ratio_tb_to_reit is 0.7271452642084344
value_ratio_reit_to_total is 0.4405256585506853
risk_ratio_gold_to_total is 0.7680995098916986
risk_ratio_tb_to_gold is 0.12710905570641215
risk_ratio_reit_to_gold is 0.17480558832323861
Total profit is 11.345062275945551
value_ratio_gold_to_total is 0.18488414313990734
value_ratio_tb_to_total is 0.3972451499825345
risk_ratio_tb_to_reit is 0.7094727113322776
value_ratio_reit_to_total is 0.4178707068775581
risk_ratio_gold_to_total is 0.764558039086048
risk_ratio_tb_to_gold is 0.1278047309226081
risk_ratio_reit_to_gold is 0.18014044639237922
Total profit is 11.489316460496553
value_ratio_gold_to_total is 0.18256282912642724
value_ratio_tb_to_total is 0.3922575360218086
risk_ratio_tb_to_reit is 0.7139813235963888
value_ratio_reit_to_total is 0.4251796348517642
risk_ratio_gold_to_total is 0.7669709260931517
risk_ratio_tb_to_gold is 0.12656451937041507
risk_ratio_reit_to_gold is 0.1772658684304207
Total profit is 11.788706249551993
value_ratio_gold_to_total is 0.17792640459056247
value_ratio_tb_to_total is 0.3822956370246698
risk_ratio_tb_to_reit is 0.7247288522455424
value_ratio_reit_to_total is 0.43977795838476774
risk_ratio_gold_to_total is 0.7699244813194382
risk_ratio_tb_to_gold is 0.12556742939035032
risk_ratio_reit_to_gold is 0.17326125350368599
Total profit is 11.402747305794307
value_ratio_gold_to_total is 0.1839488380744195
value_ratio_tb_to_total is 0.39523553793734156
risk_ratio_tb_to_reit is 0.7102639891601853
value_ratio_reit_to_total is 0.42081562398823896
risk_ratio_gold_to_total is 0.7708860882857886
risk_ratio_tb_to_gold is 0.1234291950385284
risk_ratio_reit_to_gold is 0.17377932279020766
Total profit is 11.551466693433284
value_ratio_gold_to_total is 0.1815805882857688
value_ratio_tb_to_total is 0.390147076988169
risk_ratio_tb_to_reit is 0.7166384412474369
value_ratio_reit_to_total is 0.42827233472606224
risk_ratio_gold_to_total is 0.7733767421187088
risk_ratio_tb_to_gold is 0.1223304682532598
risk_ratio_reit_to_gold is 0.17070039954920896
Total profit is 11.304726283123372
value_ratio_gold_to_total is 0.18554382169238667
value_ratio_tb_to_total is 0.398662546310145
risk_ratio_tb_to_reit is 0.7065937837626167
value_ratio_reit_to_total is 0.4157936319974683
risk_ratio_gold_to_total is 0.7751686028710262
risk_ratio_tb_to_gold is 0.12008822851786286
risk_ratio_reit_to_gold is 0.16995370080726188
Total profit is 11.423816652837829
value_ratio_gold_to_total is 0.18360957475941525
value_ratio_tb_to_total is 0.39450659112684927
risk_ratio_tb_to_reit is 0.7099173860306361
value_ratio_reit_to_total is 0.4218838341137355
risk_ratio_gold_to_total is 0.7764284143145317
risk_ratio_tb_to_gold is 0.11954952934368475
risk_ratio_reit_to_gold is 0.16839921333962884
Total profit is 11.748072588988762
value_ratio_gold_to_total is 0.17854180776198528
value_ratio_tb_to_total is 0.3836179025309473
risk_ratio_tb_to_reit is 0.7207527543114753
value_ratio_reit_to_total is 0.4378402897070674
risk_ratio_gold_to_total is 0.77807549409799
risk_ratio_tb_to_gold is 0.119467936309743
risk_ratio_reit_to_gold is 0.16575439440931308
Total profit is 11.587427377965298
value_ratio_gold_to_total is 0.1810170669760345
value_ratio_tb_to_total is 0.3889362857142285
risk_ratio_tb_to_reit is 0.7139650301648046
value_ratio_reit_to_total is 0.43004664730973696
risk_ratio_gold_to_total is 0.7782790565256495
risk_ratio_tb_to_gold is 0.11867147983048894
risk_ratio_reit_to_gold is 0.1662146951414357
Total profit is 11.392858837057176
value_ratio_gold_to_total is 0.18410849706436624
value_ratio_tb_to_total is 0.395578583902941
risk_ratio_tb_to_reit is 0.7063189867545276
value_ratio_reit_to_total is 0.42031291903269274
risk_ratio_gold_to_total is 0.7770794940965013
risk_ratio_tb_to_gold is 0.11874770603389202
risk_ratio_reit_to_gold is 0.16812192261675857
Total profit is 11.349971635547575
value_ratio_gold_to_total is 0.18480417265429455
value_ratio_tb_to_total is 0.3970733240648982
risk_ratio_tb_to_reit is 0.7039180831004169
value_ratio_reit_to_total is 0.41812250328080725
risk_ratio_gold_to_total is 0.7759235525551267
risk_ratio_tb_to_gold is 0.1193028135308027
risk_ratio_reit_to_gold is 0.16948394478705792
Total profit is 11.678473511039698
value_ratio_gold_to_total is 0.1796058462413162
value_ratio_tb_to_total is 0.3859041133337264
risk_ratio_tb_to_reit is 0.718439154944906
value_ratio_reit_to_total is 0.4344900404249574
risk_ratio_gold_to_total is 0.7742309080585933
risk_ratio_tb_to_gold is 0.12191294295595231
risk_ratio_reit_to_gold is 0.16969139573872655
Total profit is 11.527940397521903
value_ratio_gold_to_total is 0.18195115913402649
value_ratio_tb_to_total is 0.39094329168616976
risk_ratio_tb_to_reit is 0.7130096925960909
value_ratio_reit_to_total is 0.42710554917980376
risk_ratio_gold_to_total is 0.773574955342382
risk_ratio_tb_to_gold is 0.12183096228051708
risk_ratio_reit_to_gold is 0.1708685920340391
Total profit is 11.621406262406566
value_ratio_gold_to_total is 0.18048780589851993
value_ratio_tb_to_total is 0.3877991065459853
risk_ratio_tb_to_reit is 0.715490230653778
value_ratio_reit_to_total is 0.43171308755549476
risk_ratio_gold_to_total is 0.7715818021448176
risk_ratio_tb_to_gold is 0.12347077770300875
risk_ratio_reit_to_gold is 0.17256808327094492
Total profit is 11.335066988716093
value_ratio_gold_to_total is 0.1850471743876887
value_ratio_tb_to_total is 0.3975954416374967
risk_ratio_tb_to_reit is 0.7047218141003582
value_ratio_reit_to_total is 0.4173573839748146
risk_ratio_gold_to_total is 0.7700584376494656
risk_ratio_tb_to_gold is 0.12344059045241793
risk_ratio_reit_to_gold is 0.17516215332428886
Total profit is 11.350390092435049
value_ratio_gold_to_total is 0.18479735944538708
value_ratio_tb_to_total is 0.3970586850907366
risk_ratio_tb_to_reit is 0.704372322455247
value_ratio_reit_to_total is 0.4181439554638763
risk_ratio_gold_to_total is 0.7700744197134058
risk_ratio_tb_to_gold is 0.12339353423329692
risk_ratio_reit_to_gold is 0.17518225844420068
Total profit is 11.46163191138433
value_ratio_gold_to_total is 0.1830037933493314
value_ratio_tb_to_total is 0.39320499909727596
risk_ratio_tb_to_reit is 0.7071885134807452
value_ratio_reit_to_total is 0.42379120755339267
risk_ratio_gold_to_total is 0.7699748891218198
risk_ratio_tb_to_gold is 0.12375205081917241
risk_ratio_reit_to_gold is 0.17499160189985444
Total profit is 11.513800262684398
value_ratio_gold_to_total is 0.18217461393307607
value_ratio_tb_to_total is 0.3914234103899982
risk_ratio_tb_to_reit is 0.7080444190985772
value_ratio_reit_to_total is 0.42640197567692567
risk_ratio_gold_to_total is 0.7702995354835491
risk_ratio_tb_to_gold is 0.12361283895646291
risk_ratio_reit_to_gold is 0.17458345214250318
Total profit is 11.743673823311923
value_ratio_gold_to_total is 0.1786086832208647
value_ratio_tb_to_total is 0.383761592255991
risk_ratio_tb_to_reit is 0.7148523639554195
value_ratio_reit_to_total is 0.4376297245231443
risk_ratio_gold_to_total is 0.7722909940554832
risk_ratio_tb_to_gold is 0.12291046400963279
risk_ratio_reit_to_gold is 0.17193824936039223
Total profit is 11.44220003108913
value_ratio_gold_to_total is 0.18331458216584132
value_ratio_tb_to_total is 0.3938727651259394
risk_ratio_tb_to_reit is 0.7049361582863912
value_ratio_reit_to_total is 0.42281265270821927
risk_ratio_gold_to_total is 0.7607381952319648
risk_ratio_tb_to_gold is 0.13004085565284126
risk_ratio_reit_to_gold is 0.1844718193615629
Total profit is 11.498337341986797
value_ratio_gold_to_total is 0.182419601666918
value_ratio_tb_to_total is 0.39194979511624417
risk_ratio_tb_to_reit is 0.7055964089056395
value_ratio_reit_to_total is 0.4256306032168378
risk_ratio_gold_to_total is 0.7610677190194934
risk_ratio_tb_to_gold is 0.12987681100823062
risk_ratio_reit_to_gold is 0.1840667120311255
Total profit is 11.42100296454987
value_ratio_gold_to_total is 0.18365480897497943
value_ratio_tb_to_total is 0.3946037821159788
risk_ratio_tb_to_reit is 0.7023292747919159
value_ratio_reit_to_total is 0.42174140890904177
risk_ratio_gold_to_total is 0.7603063350831732
risk_ratio_tb_to_gold is 0.13006640905468686
risk_ratio_reit_to_gold is 0.18519291979281735
Total profit is 11.159446202486151
value_ratio_gold_to_total is 0.18795933773933915
value_ratio_tb_to_total is 0.4038525643293254
risk_ratio_tb_to_reit is 0.6937542219854831
value_ratio_reit_to_total is 0.4081880979313354
risk_ratio_gold_to_total is 0.7592590738107033
risk_ratio_tb_to_gold is 0.1298718971117117
risk_ratio_reit_to_gold is 0.18720159531429748
Total profit is 11.443362294134488
value_ratio_gold_to_total is 0.18329596353269395
value_ratio_tb_to_total is 0.39383276082058644
risk_ratio_tb_to_reit is 0.7009968362167674
value_ratio_reit_to_total is 0.4228712756467196
risk_ratio_gold_to_total is 0.7607270019532506
risk_ratio_tb_to_gold is 0.129621610027814
risk_ratio_reit_to_gold is 0.18491040662518973
Total profit is 11.540738735349805
value_ratio_gold_to_total is 0.18174938068152213
value_ratio_tb_to_total is 0.3905097471416402
risk_ratio_tb_to_reit is 0.7061420284566505
value_ratio_reit_to_total is 0.42774087217683765
risk_ratio_gold_to_total is 0.7585864887488974
risk_ratio_tb_to_gold is 0.13171442762927574
risk_ratio_reit_to_gold is 0.186526820839643
Total profit is 11.246535563819052
value_ratio_gold_to_total is 0.18650384430428213
value_ratio_tb_to_total is 0.4007252668873253
risk_ratio_tb_to_reit is 0.6961871558131487
value_ratio_reit_to_total is 0.4127708888083926
risk_ratio_gold_to_total is 0.7577378046689742
risk_ratio_tb_to_gold is 0.13122570943665401
risk_ratio_reit_to_gold is 0.18849200009066813
Total profit is 11.327908782149578
value_ratio_gold_to_total is 0.1851641073471864
value_ratio_tb_to_total is 0.39784668574228954
risk_ratio_tb_to_reit is 0.6977606973589309
value_ratio_reit_to_total is 0.41698920691052405
risk_ratio_gold_to_total is 0.7565741564654037
risk_ratio_tb_to_gold is 0.13223463144133668
risk_ratio_reit_to_gold is 0.18951286872684756
Total profit is 11.411578614710066
value_ratio_gold_to_total is 0.18380648187037635
value_ratio_tb_to_total is 0.3949296690257861
risk_ratio_tb_to_reit is 0.699391955507038
value_ratio_reit_to_total is 0.4212638491038376
risk_ratio_gold_to_total is 0.7558513344573028
risk_ratio_tb_to_gold is 0.13293674640965353
risk_ratio_reit_to_gold is 0.1900747433008125
Total profit is 11.185499032873793
value_ratio_gold_to_total is 0.1875215501420666
value_ratio_tb_to_total is 0.4029119266046103
risk_ratio_tb_to_reit is 0.6932345737506376
value_ratio_reit_to_total is 0.4095665232533231
risk_ratio_gold_to_total is 0.7507478600653327
risk_ratio_tb_to_gold is 0.13592767208709738
risk_ratio_reit_to_gold is 0.19607745665609536
Total profit is 11.275844141755528
value_ratio_gold_to_total is 0.18601907683254998
value_ratio_tb_to_total is 0.3996836874216966
risk_ratio_tb_to_reit is 0.6952994893928178
value_ratio_reit_to_total is 0.4142972357457534
risk_ratio_gold_to_total is 0.7501563071896625
risk_ratio_tb_to_gold is 0.1365972966623218
risk_ratio_reit_to_gold is 0.19645821512339626
Total profit is 11.065976684867906
value_ratio_gold_to_total is 0.18954694894896376
value_ratio_tb_to_total is 0.40726373222274526
risk_ratio_tb_to_reit is 0.6891539746815888
value_ratio_reit_to_total is 0.40318931882829095
risk_ratio_gold_to_total is 0.7494543571040504
risk_ratio_tb_to_gold is 0.13639193525242152
risk_ratio_reit_to_gold is 0.19791213613102784
Total profit is 11.211204765568041
value_ratio_gold_to_total is 0.18709158931776984
value_ratio_tb_to_total is 0.4019881056146992
risk_ratio_tb_to_reit is 0.6920304218332142
value_ratio_reit_to_total is 0.4109203050675309
risk_ratio_gold_to_total is 0.7499234273916686
risk_ratio_tb_to_gold is 0.13638704090937684
risk_ratio_reit_to_gold is 0.1970824354051987
Total profit is 11.416464688844357
value_ratio_gold_to_total is 0.18372781547747283
value_ratio_tb_to_total is 0.3947606451034701
risk_ratio_tb_to_reit is 0.697186868148762
value_ratio_reit_to_total is 0.4215115394190571
risk_ratio_gold_to_total is 0.753927495180317
risk_ratio_tb_to_gold is 0.13407661707727794
risk_ratio_reit_to_gold is 0.19231087560970728
Total profit is 11.357022652329022
value_ratio_gold_to_total is 0.18468943683289515
value_ratio_tb_to_total is 0.39682680076762605
risk_ratio_tb_to_reit is 0.6945467782799546
value_ratio_reit_to_total is 0.41848376239947876
risk_ratio_gold_to_total is 0.7539935847738192
risk_ratio_tb_to_gold is 0.13372934603206174
risk_ratio_reit_to_gold is 0.19254188517473586
Total profit is 11.64206840933602
value_ratio_gold_to_total is 0.18016747918050655
value_ratio_tb_to_total is 0.3871108472232572
risk_ratio_tb_to_reit is 0.7011585995585772
value_ratio_reit_to_total is 0.43272167359623626
risk_ratio_gold_to_total is 0.7628266499578797
risk_ratio_tb_to_gold is 0.12814789919686176
risk_ratio_reit_to_gold is 0.18276592382599144
Total profit is 11.040704486253517
value_ratio_gold_to_total is 0.1899808223622549
value_ratio_tb_to_total is 0.4081959598665505
risk_ratio_tb_to_reit is 0.68579690020893
value_ratio_reit_to_total is 0.40182321777119456
risk_ratio_gold_to_total is 0.7640561335518595
risk_ratio_tb_to_gold is 0.12562431087656997
risk_ratio_reit_to_gold is 0.18318005059267278
Total profit is 11.20076870553845
value_ratio_gold_to_total is 0.18726590762649328
value_ratio_tb_to_total is 0.4023626488368356
risk_ratio_tb_to_reit is 0.6883044205391353
value_ratio_reit_to_total is 0.41037144353667115
risk_ratio_gold_to_total is 0.7656762844707118
risk_ratio_tb_to_gold is 0.12476732112689712
risk_ratio_reit_to_gold is 0.18126764466973688
Total profit is 11.18804884502589
value_ratio_gold_to_total is 0.18747881304519157
value_ratio_tb_to_total is 0.40282010096629645
risk_ratio_tb_to_reit is 0.6873008560175217
value_ratio_reit_to_total is 0.409701085988512
risk_ratio_gold_to_total is 0.7688623699654517
risk_ratio_tb_to_gold is 0.12245496765509947
risk_ratio_reit_to_gold is 0.17816792541864326
Total profit is 11.307329596832162
value_ratio_gold_to_total is 0.18550110349173138
value_ratio_tb_to_total is 0.39857076127256363
risk_ratio_tb_to_reit is 0.6935610399063402
value_ratio_reit_to_total is 0.41592813523570493
risk_ratio_gold_to_total is 0.7545724572246312
risk_ratio_tb_to_gold is 0.1332006012494382
risk_ratio_reit_to_gold is 0.1920531771326513
Total profit is 11.151634247493263
value_ratio_gold_to_total is 0.1880910072197333
value_ratio_tb_to_total is 0.4041354715684158
risk_ratio_tb_to_reit is 0.6889012878050441
value_ratio_reit_to_total is 0.40777352121185095
risk_ratio_gold_to_total is 0.7541069796610428
risk_ratio_tb_to_gold is 0.13300438849776033
risk_ratio_reit_to_gold is 0.1930674116193552
Total profit is 11.4872903993856
value_ratio_gold_to_total is 0.18259502849072803
value_ratio_tb_to_total is 0.39232672011236264
risk_ratio_tb_to_reit is 0.6960291192700749
value_ratio_reit_to_total is 0.4250782513969093
risk_ratio_gold_to_total is 0.7637369277344579
risk_ratio_tb_to_gold is 0.1269539336673286
risk_ratio_reit_to_gold is 0.18239744595810167
Total profit is 11.45624309920072
value_ratio_gold_to_total is 0.18308987506588617
value_ratio_tb_to_total is 0.39338995570752283
risk_ratio_tb_to_reit is 0.6940609366634853
value_ratio_reit_to_total is 0.423520169226591
risk_ratio_gold_to_total is 0.7628755256002739
risk_ratio_tb_to_gold is 0.12734774903729787
risk_ratio_reit_to_gold is 0.18348208681717276
Total profit is 10.984607909475429
value_ratio_gold_to_total is 0.19095102301719274
value_ratio_tb_to_total is 0.41028054915657036
risk_ratio_tb_to_reit is 0.6835574818917652
value_ratio_reit_to_total is 0.3987684278262369
risk_ratio_gold_to_total is 0.7637232826295371
risk_ratio_tb_to_gold is 0.12561224859940873
risk_ratio_reit_to_gold is 0.1837625246259805
Total profit is 11.138624696422227
value_ratio_gold_to_total is 0.18831069139359846
value_ratio_tb_to_total is 0.4046074886441572
risk_ratio_tb_to_reit is 0.6861180043912635
value_ratio_reit_to_total is 0.40708181996224435
risk_ratio_gold_to_total is 0.7633174011626884
risk_ratio_tb_to_gold is 0.12617462314181443
risk_ratio_reit_to_gold is 0.18389638857204874
Total profit is 11.218507884886236
value_ratio_gold_to_total is 0.18696979484971415
value_ratio_tb_to_total is 0.4017264159916296
risk_ratio_tb_to_reit is 0.6868041838207425
value_ratio_reit_to_total is 0.41130378915865623
risk_ratio_gold_to_total is 0.7634090629786829
risk_ratio_tb_to_gold is 0.12618538449907377
risk_ratio_reit_to_gold is 0.18372832820716836
Total profit is 11.030550382067318
value_ratio_gold_to_total is 0.19015570802043405
value_ratio_tb_to_total is 0.40857172210517906
risk_ratio_tb_to_reit is 0.6831753204618115
value_ratio_reit_to_total is 0.40127256987438686
risk_ratio_gold_to_total is 0.7611224927444006
risk_ratio_tb_to_gold is 0.12738653260590485
risk_ratio_reit_to_gold is 0.18646243327378154
Total profit is 11.015549177358864
value_ratio_gold_to_total is 0.19041466603120294
value_ratio_tb_to_total is 0.4091281236011647
risk_ratio_tb_to_reit is 0.6824470203607608
value_ratio_reit_to_total is 0.4004572103676324
risk_ratio_gold_to_total is 0.7607012231123275
risk_ratio_tb_to_gold is 0.12760095033052898
risk_ratio_reit_to_gold is 0.18697561352539208
Total profit is 10.919308374999744
value_ratio_gold_to_total is 0.19209294634076393
value_ratio_tb_to_total is 0.4127341046331875
risk_ratio_tb_to_reit is 0.6812086237301528
value_ratio_reit_to_total is 0.39517294902604855
risk_ratio_gold_to_total is 0.7507154139746779
risk_ratio_tb_to_gold is 0.1345484257653632
risk_ratio_reit_to_gold is 0.19751427254194873
Total profit is 10.82623691766723
value_ratio_gold_to_total is 0.19374433921117634
value_ratio_tb_to_total is 0.4162823148655309
risk_ratio_tb_to_reit is 0.6799280645377187
value_ratio_reit_to_total is 0.38997334592329275
risk_ratio_gold_to_total is 0.7538349907435354
risk_ratio_tb_to_gold is 0.13216678039141663
risk_ratio_reit_to_gold is 0.194383475671469
Total profit is 11.113814522965995
value_ratio_gold_to_total is 0.1887310709948131
value_ratio_tb_to_total is 0.40551072325853804
risk_ratio_tb_to_reit is 0.6834268682101597
value_ratio_reit_to_total is 0.40575820574664884
risk_ratio_gold_to_total is 0.7545279233267198
risk_ratio_tb_to_gold is 0.1320762027545985
risk_ratio_reit_to_gold is 0.19325579502090035
Total profit is 11.12783513868807
value_ratio_gold_to_total is 0.1884932775886155
value_ratio_tb_to_total is 0.4049997963845209
risk_ratio_tb_to_reit is 0.6830950651475068
value_ratio_reit_to_total is 0.4065069260268636
risk_ratio_gold_to_total is 0.750756518158802
risk_ratio_tb_to_gold is 0.13474020362232503
risk_ratio_reit_to_gold is 0.1972495637825013
Total profit is 10.924219707159992
value_ratio_gold_to_total is 0.1920065848165169
value_ratio_tb_to_total is 0.4125485468234716
risk_ratio_tb_to_reit is 0.68068275694363
value_ratio_reit_to_total is 0.3954448683600115
risk_ratio_gold_to_total is 0.7508686446045841
risk_ratio_tb_to_gold is 0.13437653134916408
risk_ratio_reit_to_gold is 0.19741433138770154
Total profit is 11.00982839973058
value_ratio_gold_to_total is 0.1905136067160146
value_ratio_tb_to_total is 0.4093407092048292
risk_ratio_tb_to_reit is 0.6813136574803774
value_ratio_reit_to_total is 0.40014568407915624
risk_ratio_gold_to_total is 0.7500312004425592
risk_ratio_tb_to_gold is 0.13505318434885027
risk_ratio_reit_to_gold is 0.19822468383842717
Total profit is 10.65035795388826
value_ratio_gold_to_total is 0.19694381417399323
value_ratio_tb_to_total is 0.42315676007150926
risk_ratio_tb_to_reit is 0.6791383369193688
value_ratio_reit_to_total is 0.37989942575449753
risk_ratio_gold_to_total is 0.7505724739503655
risk_ratio_tb_to_gold is 0.13440750377505453
risk_ratio_reit_to_gold is 0.1979088743314636
Total profit is 10.70036682266283
value_ratio_gold_to_total is 0.19602338429320346
value_ratio_tb_to_total is 0.42117910909596806
risk_ratio_tb_to_reit is 0.6796602143789291
value_ratio_reit_to_total is 0.38279750661082845
risk_ratio_gold_to_total is 0.750463175067618
risk_ratio_tb_to_gold is 0.1345475119663295
risk_ratio_reit_to_gold is 0.1979629072289872
Total profit is 10.888955956210495
value_ratio_gold_to_total is 0.1926283957977406
value_ratio_tb_to_total is 0.4138845802566367
risk_ratio_tb_to_reit is 0.6805570949677069
value_ratio_reit_to_total is 0.3934870239456227
risk_ratio_gold_to_total is 0.750438897329857
risk_ratio_tb_to_gold is 0.13467061812215214
risk_ratio_reit_to_gold is 0.19788290963088467
Total profit is 10.977147347466882
value_ratio_gold_to_total is 0.19108080190261
value_ratio_tb_to_total is 0.41055939423179744
risk_ratio_tb_to_reit is 0.681096915285245
value_ratio_reit_to_total is 0.3983598038655926
risk_ratio_gold_to_total is 0.7502251167595635
risk_ratio_tb_to_gold is 0.1348880035898411
risk_ratio_reit_to_gold is 0.19804524225946565
Total profit is 10.756593573345228
value_ratio_gold_to_total is 0.19499873295898498
value_ratio_tb_to_total is 0.4189775261693382
risk_ratio_tb_to_reit is 0.6808014483377289
value_ratio_reit_to_total is 0.38602374087167685
risk_ratio_gold_to_total is 0.7520297811707556
risk_ratio_tb_to_gold is 0.13355758060189915
risk_ratio_reit_to_gold is 0.19617699246674414
Total profit is 11.03450834597065
value_ratio_gold_to_total is 0.19008750113665093
value_ratio_tb_to_total is 0.40842517165840675
risk_ratio_tb_to_reit is 0.6813584285294553
value_ratio_reit_to_total is 0.4014873272049423
risk_ratio_gold_to_total is 0.7507667109708532
risk_ratio_tb_to_gold is 0.13452914073138508
risk_ratio_reit_to_gold is 0.19744254286504268
Total profit is 11.218263969362283
value_ratio_gold_to_total is 0.18697386008080505
value_ratio_tb_to_total is 0.40173515061487525
risk_ratio_tb_to_reit is 0.6871513569234275
value_ratio_reit_to_total is 0.41129098930431973
risk_ratio_gold_to_total is 0.7571034063287793
risk_ratio_tb_to_gold is 0.13066659891868496
risk_ratio_reit_to_gold is 0.19015693937317762
Total profit is 11.18218522553991
value_ratio_gold_to_total is 0.18757712159573042
value_ratio_tb_to_total is 0.40303132835573147
risk_ratio_tb_to_reit is 0.6856215747487435
value_ratio_reit_to_total is 0.4093915500485381
risk_ratio_gold_to_total is 0.7538750272843071
risk_ratio_tb_to_gold is 0.1327946925459917
risk_ratio_reit_to_gold is 0.19368511353315615
Total profit is 11.153522993272219
value_ratio_gold_to_total is 0.18805915575036705
value_ratio_tb_to_total is 0.4040670349707137
risk_ratio_tb_to_reit is 0.6845583505963809
value_ratio_reit_to_total is 0.40787380927891925
risk_ratio_gold_to_total is 0.7533393534000533
risk_ratio_tb_to_gold is 0.1330557429638446
risk_ratio_reit_to_gold is 0.1943672776001164
Total profit is 10.888415705083005
value_ratio_gold_to_total is 0.192637953451566
value_ratio_tb_to_total is 0.4139051159908694
risk_ratio_tb_to_reit is 0.6805129126807966
value_ratio_reit_to_total is 0.39345693055756464
risk_ratio_gold_to_total is 0.7511250157408124
risk_ratio_tb_to_gold is 0.13417250741024475
risk_ratio_reit_to_gold is 0.1971637935299254
Total profit is 10.969089809832155
value_ratio_gold_to_total is 0.19122116366272834
value_ratio_tb_to_total is 0.41086097784791004
risk_ratio_tb_to_reit is 0.6810793256882305
value_ratio_reit_to_total is 0.3979178584893616
risk_ratio_gold_to_total is 0.7549200812031653
risk_ratio_tb_to_gold is 0.13152740147980005
risk_ratio_reit_to_gold is 0.1931161268871165
Total profit is 11.217698649119995
value_ratio_gold_to_total is 0.1869832827004696
value_ratio_tb_to_total is 0.40175539621246037
risk_ratio_tb_to_reit is 0.6850231155247423
value_ratio_reit_to_total is 0.41126132108707003
risk_ratio_gold_to_total is 0.7544507671628848
risk_ratio_tb_to_gold is 0.1323143783710819
risk_ratio_reit_to_gold is 0.19315315844448003
Total profit is 11.113667591966845
value_ratio_gold_to_total is 0.18873356616075204
value_ratio_tb_to_total is 0.40551608441364206
risk_ratio_tb_to_reit is 0.682645565584205
value_ratio_reit_to_total is 0.40575034942560595
risk_ratio_gold_to_total is 0.7529876587025269
risk_ratio_tb_to_gold is 0.13308632169393175
risk_ratio_reit_to_gold is 0.19495669261403184
Total profit is 11.214705907296121
value_ratio_gold_to_total is 0.18703318081595555
value_ratio_tb_to_total is 0.40186260813465885
risk_ratio_tb_to_reit is 0.6957626502268687
value_ratio_reit_to_total is 0.4111042110493856
risk_ratio_gold_to_total is 0.7550773791323911
risk_ratio_tb_to_gold is 0.13308634074893683
risk_ratio_reit_to_gold is 0.19128123751043707
Total profit is 11.501395923562598
value_ratio_gold_to_total is 0.1823710905786613
value_ratio_tb_to_total is 0.39184556338385723
risk_ratio_tb_to_reit is 0.7068818306610677
value_ratio_reit_to_total is 0.42578334603748147
risk_ratio_gold_to_total is 0.755450261428609
risk_ratio_tb_to_gold is 0.13406169020002265
risk_ratio_reit_to_gold is 0.18965219416468762
Total profit is 11.284455777487892
value_ratio_gold_to_total is 0.18587711796802517
value_ratio_tb_to_total is 0.3993786722404496
risk_ratio_tb_to_reit is 0.6979524954561934
value_ratio_reit_to_total is 0.4147442097915252
risk_ratio_gold_to_total is 0.6641579911816535
risk_ratio_tb_to_gold is 0.20785666040139045
risk_ratio_reit_to_gold is 0.29780918007253754
Total profit is 11.793090006541291
value_ratio_gold_to_total is 0.17786026534128413
value_ratio_tb_to_total is 0.3821535291318397
risk_ratio_tb_to_reit is 0.7382568742686609
value_ratio_reit_to_total is 0.4399862055268762
risk_ratio_gold_to_total is 0.6730748538176161
risk_ratio_tb_to_gold is 0.20629015637439077
risk_ratio_reit_to_gold is 0.2794286969271338
Total profit is 11.494238292167438
value_ratio_gold_to_total is 0.18248465574151204
value_ratio_tb_to_total is 0.3920895713846694
risk_ratio_tb_to_reit is 0.718540738517545
value_ratio_reit_to_total is 0.42542577287381855
risk_ratio_gold_to_total is 0.6771044676167318
risk_ratio_tb_to_gold is 0.19938749681911241
risk_ratio_reit_to_gold is 0.2774894812929857
Total profit is 11.5712995382506
value_ratio_gold_to_total is 0.18126936484734651
value_ratio_tb_to_total is 0.38947837712362415
risk_ratio_tb_to_reit is 0.7165810538859577
value_ratio_reit_to_total is 0.42925225802902933
risk_ratio_gold_to_total is 0.6312273389295718
risk_ratio_tb_to_gold is 0.24387872930054327
risk_ratio_reit_to_gold is 0.34033655785065736
Total profit is 11.600099892322518
value_ratio_gold_to_total is 0.18081931511170152
value_ratio_tb_to_total is 0.3885113927641239
risk_ratio_tb_to_reit is 0.7103433196466183
value_ratio_reit_to_total is 0.4306692921241746
risk_ratio_gold_to_total is 0.6334523659765805
risk_ratio_tb_to_gold is 0.24032638998367636
risk_ratio_reit_to_gold is 0.3383242769189889
Total profit is 11.261805712241667
value_ratio_gold_to_total is 0.18625095933568256
value_ratio_tb_to_total is 0.400181914030917
risk_ratio_tb_to_reit is 0.6938630654043525
value_ratio_reit_to_total is 0.41356712663340045
risk_ratio_gold_to_total is 0.6338744126592903
risk_ratio_tb_to_gold is 0.23660413611738318
risk_ratio_reit_to_gold is 0.3409954325490734
