Gold value is 1419.797721472262
Profit/loss of gold is 1.9677214722621557.
Stdev of gold is 0.007032400967847825, stedev_down of gold is 0.004620800044833524.
Sharpe ratio is 139.438556573254
Sortino ratio is 212.21170158562518.
Gold value is 1419.797721472262
Profit/loss of gold is 1.9677214722621557.
Stdev of gold is 0.007032400967847825, stedev_down of gold is 0.004620800044833524.
Sharpe ratio is 139.438556573254
Sortino ratio is 212.21170158562518.
Gold value is 1419.797721472262
Profit/loss of gold is 1.9677214722621557.
Stdev of gold is 0.006966471920143509, stedev_down of gold is 0.004588542610554865.
Sharpe ratio is 140.75817019597704
Sortino ratio is 213.7035489101579.
Gold value is 1419.797721472262
Profit/loss of gold is 1.9677214722621557.
Stdev of gold is 0.006966471920143509, stedev_down of gold is 0.004588542610554865.
Sharpe ratio is 140.75817019597704
Sortino ratio is 213.7035489101579.
Gold value is 1419.797721472262
Profit/loss of gold is 1.9677214722621557.
Stdev of gold is 0.00699305134768414, stedev_down of gold is 0.004588542610554865.
Sharpe ratio is 140.22317175259872
Sortino ratio is 213.7035489101579.
Gold value is 1419.797721472262
Profit/loss of gold is 1.9677214722621557.
Stdev of gold is 0.00699305134768414, stedev_down of gold is 0.004588542610554865.
Sharpe ratio is 140.22317175259872
Sortino ratio is 213.7035489101579.
Gold value is 1419.797721472262
Profit/loss of gold is 1.9677214722621557.
Stdev of gold is 0.007026371426764205, stedev_down of gold is 0.004604929507672842.
Sharpe ratio is 139.55821300107914
Sortino ratio is 212.94307297585698.
Gold value is 1419.797721472262
Profit/loss of gold is 1.9677214722621557.
Stdev of gold is 0.007026371426764205, stedev_down of gold is 0.004604929507672842.
Sharpe ratio is 139.55821300107914
Sortino ratio is 212.94307297585698.
Gold value is 1419.797721472262
Profit/loss of gold is 1.9677214722621557.
Stdev of gold is 0.007063591381720742, stedev_down of gold is 0.004604929507672842.
Sharpe ratio is 138.82284339643905
Sortino ratio is 212.94307297585698.
Gold value is 1419.797721472262
Profit/loss of gold is 1.9677214722621557.
Stdev of gold is 0.007063591381720742, stedev_down of gold is 0.004604929507672842.
Sharpe ratio is 138.82284339643905
Sortino ratio is 212.94307297585698.
Gold value is 1419.797721472262
Profit/loss of gold is 1.9677214722621557.
Stdev of gold is 0.007056964182080541, stedev_down of gold is 0.004655318150536118.
Sharpe ratio is 138.9532120187065
Sortino ratio is 210.63820097625944.
Gold value is 1419.797721472262
Profit/loss of gold is 1.9677214722621557.
Stdev of gold is 0.007056964182080541, stedev_down of gold is 0.004655318150536118.
Sharpe ratio is 138.9532120187065
Sortino ratio is 210.63820097625944.
Gold value is 1419.797721472262
Profit/loss of gold is 1.9677214722621557.
Stdev of gold is 0.007069086073547799, stedev_down of gold is 0.004714407537076049.
Sharpe ratio is 138.71493853644964
Sortino ratio is 207.99810633453032.
Gold value is 1419.797721472262
Profit/loss of gold is 1.9677214722621557.
Stdev of gold is 0.007069086073547799, stedev_down of gold is 0.004714407537076049.
Sharpe ratio is 138.71493853644964
Sortino ratio is 207.99810633453032.
Gold value is 1419.797721472262
Profit/loss of gold is 1.9677214722621557.
Stdev of gold is 0.006903597484260147, stedev_down of gold is 0.004490583944912945.
Sharpe ratio is 142.04012363651646
Sortino ratio is 218.36532892607244.
Gold value is 1419.797721472262
Profit/loss of gold is 1.9677214722621557.
Stdev of gold is 0.006903597484260147, stedev_down of gold is 0.004490583944912945.
Sharpe ratio is 142.04012363651646
Sortino ratio is 218.36532892607244.
Gold value is 1419.797721472262
Profit/loss of gold is 1.9677214722621557.
Stdev of gold is 0.006909981396294081, stedev_down of gold is 0.004550741379618939.
Sharpe ratio is 141.90889728400109
Sortino ratio is 215.4787008096614.
Gold value is 1419.797721472262
Profit/loss of gold is 1.9677214722621557.
Stdev of gold is 0.006909981396294081, stedev_down of gold is 0.004550741379618939.
Sharpe ratio is 141.90889728400109
Sortino ratio is 215.4787008096614.
Gold value is 1419.797721472262
Profit/loss of gold is 1.9677214722621557.
Stdev of gold is 0.006948669294525059, stedev_down of gold is 0.004550741379618939.
Sharpe ratio is 141.11879536038248
Sortino ratio is 215.4787008096614.
Gold value is 1419.797721472262
Profit/loss of gold is 1.9677214722621557.
Stdev of gold is 0.006948669294525059, stedev_down of gold is 0.004550741379618939.
Sharpe ratio is 141.11879536038248
Sortino ratio is 215.4787008096614.
Gold value is 1419.797721472262
Profit/loss of gold is 1.9677214722621557.
Stdev of gold is 0.006983139302416421, stedev_down of gold is 0.004571099535560592.
Sharpe ratio is 140.42220808365315
Sortino ratio is 214.51903039359163.
Gold value is 1419.797721472262
Profit/loss of gold is 1.9677214722621557.
Stdev of gold is 0.006983139302416421, stedev_down of gold is 0.004571099535560592.
Sharpe ratio is 140.42220808365315
Sortino ratio is 214.51903039359163.
Gold value is 1419.797721472262
Profit/loss of gold is 1.9677214722621557.
Stdev of gold is 0.007020563271423393, stedev_down of gold is 0.004571465650018644.
Sharpe ratio is 139.67367037235528
Sortino ratio is 214.50185023200513.
Gold value is 1419.797721472262
Profit/loss of gold is 1.9677214722621557.
Stdev of gold is 0.007020563271423393, stedev_down of gold is 0.004571465650018644.
Sharpe ratio is 139.67367037235528
Sortino ratio is 214.50185023200513.
Gold value is 1419.797721472262
Profit/loss of gold is 1.9677214722621557.
Stdev of gold is 0.006998470155755367, stedev_down of gold is 0.004571465650018644.
Sharpe ratio is 140.1145991020115
Sortino ratio is 214.50185023200513.
Gold value is 1419.797721472262
Profit/loss of gold is 1.9677214722621557.
Stdev of gold is 0.006998470155755367, stedev_down of gold is 0.004571465650018644.
Sharpe ratio is 140.1145991020115
Sortino ratio is 214.50185023200513.
Gold value is 1419.797721472262
Profit/loss of gold is 1.9677214722621557.
Stdev of gold is 0.007019026348060494, stedev_down of gold is 0.004631865609886437.
Sharpe ratio is 139.7042540625328
Sortino ratio is 211.7047260844636.
Gold value is 1419.797721472262
Profit/loss of gold is 1.9677214722621557.
Stdev of gold is 0.007019026348060494, stedev_down of gold is 0.004631865609886437.
Sharpe ratio is 139.7042540625328
Sortino ratio is 211.7047260844636.
Gold value is 1419.797721472262
Profit/loss of gold is 1.9677214722621557.
Stdev of gold is 0.007037590107152448, stedev_down of gold is 0.004631865609886437.
Sharpe ratio is 139.33574210360212
Sortino ratio is 211.7047260844636.
Gold value is 1419.797721472262
Profit/loss of gold is 1.9677214722621557.
Stdev of gold is 0.007037590107152448, stedev_down of gold is 0.004631865609886437.
Sharpe ratio is 139.33574210360212
Sortino ratio is 211.7047260844636.
Gold value is 1944.6866613668656
Profit/loss of gold is 4.13666136686561.
Stdev of gold is 0.011343126245339216, stedev_down of gold is 0.010487649164937265.
Sharpe ratio is 87.75637983717604
Sortino ratio is 94.91466387481728.
Gold value is 1944.6866613668656
Profit/loss of gold is 4.13666136686561.
Stdev of gold is 0.011343126245339216, stedev_down of gold is 0.010487649164937265.
Sharpe ratio is 87.75637983717604
Sortino ratio is 94.91466387481728.
Gold value is 1944.6866613668656
Profit/loss of gold is 4.13666136686561.
Stdev of gold is 0.011185382590154756, stedev_down of gold is 0.0104584611716057.
Sharpe ratio is 88.99397828405048
Sortino ratio is 95.17955643700103.
Gold value is 1944.6866613668656
Profit/loss of gold is 4.13666136686561.
Stdev of gold is 0.011185382590154756, stedev_down of gold is 0.0104584611716057.
Sharpe ratio is 88.99397828405048
Sortino ratio is 95.17955643700103.
Gold value is 1944.6866613668656
Profit/loss of gold is 4.13666136686561.
Stdev of gold is 0.01122628011623243, stedev_down of gold is 0.0104584611716057.
Sharpe ratio is 88.6697717338892
Sortino ratio is 95.17955643700103.
Gold value is 1944.6866613668656
Profit/loss of gold is 4.13666136686561.
Stdev of gold is 0.01122628011623243, stedev_down of gold is 0.0104584611716057.
Sharpe ratio is 88.6697717338892
Sortino ratio is 95.17955643700103.
Gold value is 1944.6866613668656
Profit/loss of gold is 4.13666136686561.
Stdev of gold is 0.011261610319205303, stedev_down of gold is 0.010590085202697547.
Sharpe ratio is 88.39159472863675
Sortino ratio is 93.9965709693694.
Gold value is 1944.6866613668656
Profit/loss of gold is 4.13666136686561.
Stdev of gold is 0.011261610319205303, stedev_down of gold is 0.010590085202697547.
Sharpe ratio is 88.39159472863675
Sortino ratio is 93.9965709693694.
Gold value is 1944.6866613668656
Profit/loss of gold is 4.13666136686561.
Stdev of gold is 0.011214582380070066, stedev_down of gold is 0.010590085202697547.
Sharpe ratio is 88.76226163321557
Sortino ratio is 93.9965709693694.
Gold value is 1944.6866613668656
Profit/loss of gold is 4.13666136686561.
Stdev of gold is 0.011214582380070066, stedev_down of gold is 0.010590085202697547.
Sharpe ratio is 88.76226163321557
Sortino ratio is 93.9965709693694.
Gold value is 1944.6866613668656
Profit/loss of gold is 4.13666136686561.
Stdev of gold is 0.01124249513315123, stedev_down of gold is 0.010590085202697547.
Sharpe ratio is 88.54188358879128
Sortino ratio is 93.9965709693694.
Gold value is 1944.6866613668656
Profit/loss of gold is 4.13666136686561.
Stdev of gold is 0.01124249513315123, stedev_down of gold is 0.010590085202697547.
Sharpe ratio is 88.54188358879128
Sortino ratio is 93.9965709693694.
Gold value is 1944.6866613668656
Profit/loss of gold is 4.13666136686561.
Stdev of gold is 0.01130176141798047, stedev_down of gold is 0.010648027549275844.
Sharpe ratio is 88.07757114243736
Sortino ratio is 93.48507887685982.
Gold value is 1944.6866613668656
Profit/loss of gold is 4.13666136686561.
Stdev of gold is 0.01130176141798047, stedev_down of gold is 0.010648027549275844.
Sharpe ratio is 88.07757114243736
Sortino ratio is 93.48507887685982.
Gold value is 1944.6866613668656
Profit/loss of gold is 4.13666136686561.
Stdev of gold is 0.011310974114400118, stedev_down of gold is 0.010803474553438676.
Sharpe ratio is 88.00583267711083
Sortino ratio is 92.13995834425225.
Gold value is 1944.6866613668656
Profit/loss of gold is 4.13666136686561.
Stdev of gold is 0.011310974114400118, stedev_down of gold is 0.010803474553438676.
Sharpe ratio is 88.00583267711083
Sortino ratio is 92.13995834425225.
Gold value is 1944.6866613668656
Profit/loss of gold is 4.13666136686561.
Stdev of gold is 0.011360893594573544, stedev_down of gold is 0.010925336908071428.
Sharpe ratio is 87.61913726597088
Sortino ratio is 91.1122195775604.
Gold value is 1944.6866613668656
Profit/loss of gold is 4.13666136686561.
Stdev of gold is 0.011360893594573544, stedev_down of gold is 0.010925336908071428.
Sharpe ratio is 87.61913726597088
Sortino ratio is 91.1122195775604.
Gold value is 1944.6866613668656
Profit/loss of gold is 4.13666136686561.
Stdev of gold is 0.011422977193613718, stedev_down of gold is 0.010925336908071428.
Sharpe ratio is 87.14292941804594
Sortino ratio is 91.1122195775604.
Gold value is 1944.6866613668656
Profit/loss of gold is 4.13666136686561.
Stdev of gold is 0.011422977193613718, stedev_down of gold is 0.010925336908071428.
Sharpe ratio is 87.14292941804594
Sortino ratio is 91.1122195775604.
Gold value is 1944.6866613668656
Profit/loss of gold is 4.13666136686561.
Stdev of gold is 0.011454698647991729, stedev_down of gold is 0.011085677363364877.
Sharpe ratio is 86.90160482760065
Sortino ratio is 89.79439529934882.
Gold value is 1944.6866613668656
Profit/loss of gold is 4.13666136686561.
Stdev of gold is 0.011454698647991729, stedev_down of gold is 0.011085677363364877.
Sharpe ratio is 86.90160482760065
Sortino ratio is 89.79439529934882.
Gold value is 1944.6866613668656
Profit/loss of gold is 4.13666136686561.
Stdev of gold is 0.011520114367536465, stedev_down of gold is 0.011085677363364877.
Sharpe ratio is 86.40814349310129
Sortino ratio is 89.79439529934882.
Gold value is 1944.6866613668656
Profit/loss of gold is 4.13666136686561.
Stdev of gold is 0.011520114367536465, stedev_down of gold is 0.011085677363364877.
Sharpe ratio is 86.40814349310129
Sortino ratio is 89.79439529934882.
Gold value is 1944.6866613668656
Profit/loss of gold is 4.13666136686561.
Stdev of gold is 0.011494988838816635, stedev_down of gold is 0.011252641039186384.
Sharpe ratio is 86.59701277530814
Sortino ratio is 88.46205009655252.
Gold value is 1944.6866613668656
Profit/loss of gold is 4.13666136686561.
Stdev of gold is 0.011494988838816635, stedev_down of gold is 0.011252641039186384.
Sharpe ratio is 86.59701277530814
Sortino ratio is 88.46205009655252.
Gold value is 1944.6866613668656
Profit/loss of gold is 4.13666136686561.
Stdev of gold is 0.011425411256003212, stedev_down of gold is 0.011252641039186384.
Sharpe ratio is 87.1243645434647
Sortino ratio is 88.46205009655252.
Gold value is 1944.6866613668656
Profit/loss of gold is 4.13666136686561.
Stdev of gold is 0.011425411256003212, stedev_down of gold is 0.011252641039186384.
Sharpe ratio is 87.1243645434647
Sortino ratio is 88.46205009655252.
Gold value is 1944.6866613668656
Profit/loss of gold is 4.13666136686561.
Stdev of gold is 0.011447484142594186, stedev_down of gold is 0.011436016439927615.
Sharpe ratio is 86.95637250312431
Sortino ratio is 87.04356980911521.
Gold value is 1944.6866613668656
Profit/loss of gold is 4.13666136686561.
Stdev of gold is 0.011447484142594186, stedev_down of gold is 0.011436016439927615.
Sharpe ratio is 86.95637250312431
Sortino ratio is 87.04356980911521.
Gold value is 1944.6866613668656
Profit/loss of gold is 4.13666136686561.
Stdev of gold is 0.01150570455256859, stedev_down of gold is 0.011569525534184888.
Sharpe ratio is 86.51636158211656
Sortino ratio is 86.03911131755501.
Gold value is 1944.6866613668656
Profit/loss of gold is 4.13666136686561.
Stdev of gold is 0.01150570455256859, stedev_down of gold is 0.011569525534184888.
Sharpe ratio is 86.51636158211656
Sortino ratio is 86.03911131755501.
Gold value is 1944.6866613668656
Profit/loss of gold is 4.13666136686561.
Stdev of gold is 0.011575006651782467, stedev_down of gold is 0.011569525534184888.
Sharpe ratio is 85.99836918225351
Sortino ratio is 86.03911131755501.
Gold value is 1944.6866613668656
Profit/loss of gold is 4.13666136686561.
Stdev of gold is 0.011575006651782467, stedev_down of gold is 0.011569525534184888.
Sharpe ratio is 85.99836918225351
Sortino ratio is 86.03911131755501.
Gold value is 1944.6866613668656
Profit/loss of gold is 4.13666136686561.
Stdev of gold is 0.011625077738281017, stedev_down of gold is 0.011569525534184888.
Sharpe ratio is 85.62796032314719
Sortino ratio is 86.03911131755501.
Gold value is 1944.6866613668656
Profit/loss of gold is 4.13666136686561.
Stdev of gold is 0.011625077738281017, stedev_down of gold is 0.011569525534184888.
Sharpe ratio is 85.62796032314719
Sortino ratio is 86.03911131755501.
Gold value is 1944.6866613668656
Profit/loss of gold is 4.13666136686561.
Stdev of gold is 0.011674292446071226, stedev_down of gold is 0.011569525534184888.
Sharpe ratio is 85.26698298208414
Sortino ratio is 86.03911131755501.
Gold value is 1944.6866613668656
Profit/loss of gold is 4.13666136686561.
Stdev of gold is 0.011674292446071226, stedev_down of gold is 0.011569525534184888.
Sharpe ratio is 85.26698298208414
Sortino ratio is 86.03911131755501.
Gold value is 1944.6866613668656
Profit/loss of gold is 4.13666136686561.
Stdev of gold is 0.011727040940676479, stedev_down of gold is 0.011569525534184888.
Sharpe ratio is 84.88345016979252
Sortino ratio is 86.03911131755501.
Gold value is 1944.6866613668656
Profit/loss of gold is 4.13666136686561.
Stdev of gold is 0.011727040940676479, stedev_down of gold is 0.011569525534184888.
Sharpe ratio is 84.88345016979252
Sortino ratio is 86.03911131755501.
Gold value is 1944.6866613668656
Profit/loss of gold is 4.13666136686561.
Stdev of gold is 0.011768128045871656, stedev_down of gold is 0.011760233635823757.
Sharpe ratio is 84.58708908051295
Sortino ratio is 84.64387070464036.
Gold value is 1944.6866613668656
Profit/loss of gold is 4.13666136686561.
Stdev of gold is 0.011768128045871656, stedev_down of gold is 0.011760233635823757.
Sharpe ratio is 84.58708908051295
Sortino ratio is 84.64387070464036.
Gold value is 1944.6866613668656
Profit/loss of gold is 4.13666136686561.
Stdev of gold is 0.011826534957745834, stedev_down of gold is 0.011760233635823757.
Sharpe ratio is 84.1693445192133
Sortino ratio is 84.64387070464036.
Gold value is 1944.6866613668656
Profit/loss of gold is 4.13666136686561.
Stdev of gold is 0.011826534957745834, stedev_down of gold is 0.011760233635823757.
Sharpe ratio is 84.1693445192133
Sortino ratio is 84.64387070464036.
Gold value is 1328.937522117757
Profit/loss of gold is 2.09752211775708.
Stdev of gold is 0.0060029669757197, stedev_down of gold is 0.00391704222974429.
Sharpe ratio is 163.2660723013525
Sortino ratio is 250.2094138373547.
Gold value is 1328.937522117757
Profit/loss of gold is 2.09752211775708.
Stdev of gold is 0.0060029669757197, stedev_down of gold is 0.00391704222974429.
Sharpe ratio is 163.2660723013525
Sortino ratio is 250.2094138373547.
Gold value is 1328.937522117757
Profit/loss of gold is 2.09752211775708.
Stdev of gold is 0.00602998079615124, stedev_down of gold is 0.00391704222974429.
Sharpe ratio is 162.53465366026384
Sortino ratio is 250.2094138373547.
Gold value is 1328.937522117757
Profit/loss of gold is 2.09752211775708.
Stdev of gold is 0.00602998079615124, stedev_down of gold is 0.00391704222974429.
Sharpe ratio is 162.53465366026384
Sortino ratio is 250.2094138373547.
Gold value is 1328.937522117757
Profit/loss of gold is 2.09752211775708.
Stdev of gold is 0.006051919188594545, stedev_down of gold is 0.003953138052772006.
Sharpe ratio is 161.94546056192314
Sortino ratio is 247.92476943557156.
Gold value is 1328.937522117757
Profit/loss of gold is 2.09752211775708.
Stdev of gold is 0.006051919188594545, stedev_down of gold is 0.003953138052772006.
Sharpe ratio is 161.94546056192314
Sortino ratio is 247.92476943557156.
Gold value is 1328.937522117757
Profit/loss of gold is 2.09752211775708.
Stdev of gold is 0.006052153506281344, stedev_down of gold is 0.003953138052772006.
Sharpe ratio is 161.9391906142645
Sortino ratio is 247.92476943557156.
Gold value is 1328.937522117757
Profit/loss of gold is 2.09752211775708.
Stdev of gold is 0.006052153506281344, stedev_down of gold is 0.003953138052772006.
Sharpe ratio is 161.9391906142645
Sortino ratio is 247.92476943557156.
Gold value is 1328.937522117757
Profit/loss of gold is 2.09752211775708.
Stdev of gold is 0.0060561239027158344, stedev_down of gold is 0.003998862256274457.
Sharpe ratio is 161.83302323801072
Sortino ratio is 245.0899224504864.
Gold value is 1328.937522117757
Profit/loss of gold is 2.09752211775708.
Stdev of gold is 0.0060561239027158344, stedev_down of gold is 0.003998862256274457.
Sharpe ratio is 161.83302323801072
Sortino ratio is 245.0899224504864.
Gold value is 1328.937522117757
Profit/loss of gold is 2.09752211775708.
Stdev of gold is 0.006083266609461921, stedev_down of gold is 0.003998862256274457.
Sharpe ratio is 161.11094633861103
Sortino ratio is 245.0899224504864.
Gold value is 1328.937522117757
Profit/loss of gold is 2.09752211775708.
Stdev of gold is 0.006083266609461921, stedev_down of gold is 0.003998862256274457.
Sharpe ratio is 161.11094633861103
Sortino ratio is 245.0899224504864.
Gold value is 1328.937522117757
Profit/loss of gold is 2.09752211775708.
Stdev of gold is 0.006115647894157118, stedev_down of gold is 0.003998862256274457.
Sharpe ratio is 160.25789208970838
Sortino ratio is 245.0899224504864.
Gold value is 1328.937522117757
Profit/loss of gold is 2.09752211775708.
Stdev of gold is 0.006115647894157118, stedev_down of gold is 0.003998862256274457.
Sharpe ratio is 160.25789208970838
Sortino ratio is 245.0899224504864.
Gold value is 1328.937522117757
Profit/loss of gold is 2.09752211775708.
Stdev of gold is 0.0061454327370997295, stedev_down of gold is 0.004018951755180017.
Sharpe ratio is 159.48117605514992
Sortino ratio is 243.86479360376993.
Gold value is 1328.937522117757
Profit/loss of gold is 2.09752211775708.
Stdev of gold is 0.0061454327370997295, stedev_down of gold is 0.004018951755180017.
Sharpe ratio is 159.48117605514992
Sortino ratio is 243.86479360376993.
Gold value is 1328.937522117757
Profit/loss of gold is 2.09752211775708.
Stdev of gold is 0.006171914018269922, stedev_down of gold is 0.004018951755180017.
Sharpe ratio is 158.79690439291227
Sortino ratio is 243.86479360376993.
Gold value is 1328.937522117757
Profit/loss of gold is 2.09752211775708.
Stdev of gold is 0.006171914018269922, stedev_down of gold is 0.004018951755180017.
Sharpe ratio is 158.79690439291227
Sortino ratio is 243.86479360376993.
Gold value is 1328.937522117757
Profit/loss of gold is 2.09752211775708.
Stdev of gold is 0.006204256620373321, stedev_down of gold is 0.00402878237302128.
Sharpe ratio is 157.9691009334025
Sortino ratio is 243.26973996996958.
Gold value is 1328.937522117757
Profit/loss of gold is 2.09752211775708.
Stdev of gold is 0.006204256620373321, stedev_down of gold is 0.00402878237302128.
Sharpe ratio is 157.9691009334025
Sortino ratio is 243.26973996996958.
Gold value is 1328.937522117757
Profit/loss of gold is 2.09752211775708.
Stdev of gold is 0.0061798765050699225, stedev_down of gold is 0.004054899544558952.
Sharpe ratio is 158.59230188118374
Sortino ratio is 241.7028657579448.
Gold value is 1328.937522117757
Profit/loss of gold is 2.09752211775708.
Stdev of gold is 0.0061798765050699225, stedev_down of gold is 0.004054899544558952.
Sharpe ratio is 158.59230188118374
Sortino ratio is 241.7028657579448.
Gold value is 1328.937522117757
Profit/loss of gold is 2.09752211775708.
Stdev of gold is 0.006211522720968056, stedev_down of gold is 0.004054899544558952.
Sharpe ratio is 157.7843122060962
Sortino ratio is 241.7028657579448.
Gold value is 1328.937522117757
Profit/loss of gold is 2.09752211775708.
Stdev of gold is 0.006211522720968056, stedev_down of gold is 0.004054899544558952.
Sharpe ratio is 157.7843122060962
Sortino ratio is 241.7028657579448.
Gold value is 1328.937522117757
Profit/loss of gold is 2.09752211775708.
Stdev of gold is 0.006242371588594261, stedev_down of gold is 0.004080472327737482.
Sharpe ratio is 157.00456571205035
Sortino ratio is 240.1880864669198.
Gold value is 1328.937522117757
Profit/loss of gold is 2.09752211775708.
Stdev of gold is 0.006242371588594261, stedev_down of gold is 0.004080472327737482.
Sharpe ratio is 157.00456571205035
Sortino ratio is 240.1880864669198.
Gold value is 1328.937522117757
Profit/loss of gold is 2.09752211775708.
Stdev of gold is 0.00627655720816645, stedev_down of gold is 0.004088337260881766.
Sharpe ratio is 156.14943157138714
Sortino ratio is 239.72602496818024.
Gold value is 1328.937522117757
Profit/loss of gold is 2.09752211775708.
Stdev of gold is 0.00627655720816645, stedev_down of gold is 0.004088337260881766.
Sharpe ratio is 156.14943157138714
Sortino ratio is 239.72602496818024.
Gold value is 1328.937522117757
Profit/loss of gold is 2.09752211775708.
Stdev of gold is 0.005985001543600101, stedev_down of gold is 0.004088337260881766.
Sharpe ratio is 163.7561549718407
Sortino ratio is 239.72602496818024.
Gold value is 1328.937522117757
Profit/loss of gold is 2.09752211775708.
Stdev of gold is 0.005985001543600101, stedev_down of gold is 0.004088337260881766.
Sharpe ratio is 163.7561549718407
Sortino ratio is 239.72602496818024.
Gold value is 1328.937522117757
Profit/loss of gold is 2.09752211775708.
Stdev of gold is 0.006018118190147674, stedev_down of gold is 0.004100902467785332.
Sharpe ratio is 162.8550336357609
Sortino ratio is 238.99150198755413.
Gold value is 1328.937522117757
Profit/loss of gold is 2.09752211775708.
Stdev of gold is 0.006018118190147674, stedev_down of gold is 0.004100902467785332.
Sharpe ratio is 162.8550336357609
Sortino ratio is 238.99150198755413.
Gold value is 1328.937522117757
Profit/loss of gold is 2.09752211775708.
Stdev of gold is 0.0060150814467606175, stedev_down of gold is 0.004100902467785332.
Sharpe ratio is 162.9372517986934
Sortino ratio is 238.99150198755413.
Gold value is 1328.937522117757
Profit/loss of gold is 2.09752211775708.
Stdev of gold is 0.0060150814467606175, stedev_down of gold is 0.004100902467785332.
Sharpe ratio is 162.9372517986934
Sortino ratio is 238.99150198755413.
Gold value is 1328.937522117757
Profit/loss of gold is 2.09752211775708.
Stdev of gold is 0.006014532670710952, stedev_down of gold is 0.004100902467785332.
Sharpe ratio is 162.95211846685882
Sortino ratio is 238.99150198755413.
Gold value is 1328.937522117757
Profit/loss of gold is 2.09752211775708.
Stdev of gold is 0.006014532670710952, stedev_down of gold is 0.004100902467785332.
Sharpe ratio is 162.95211846685882
Sortino ratio is 238.99150198755413.
Gold value is 1328.937522117757
Profit/loss of gold is 2.09752211775708.
Stdev of gold is 0.006051118090250531, stedev_down of gold is 0.004100902467785332.
Sharpe ratio is 161.96690027576474
Sortino ratio is 238.99150198755413.
Gold value is 1328.937522117757
Profit/loss of gold is 2.09752211775708.
Stdev of gold is 0.006051118090250531, stedev_down of gold is 0.004100902467785332.
Sharpe ratio is 161.96690027576474
Sortino ratio is 238.99150198755413.
Gold value is 1328.937522117757
Profit/loss of gold is 2.09752211775708.
Stdev of gold is 0.00608241147324171, stedev_down of gold is 0.004134568960857196.
Sharpe ratio is 161.13359719120342
Sortino ratio is 237.0454694453299.
Gold value is 1328.937522117757
Profit/loss of gold is 2.09752211775708.
Stdev of gold is 0.00608241147324171, stedev_down of gold is 0.004134568960857196.
Sharpe ratio is 161.13359719120342
Sortino ratio is 237.0454694453299.
Gold value is 1328.937522117757
Profit/loss of gold is 2.09752211775708.
Stdev of gold is 0.006100126179120669, stedev_down of gold is 0.004192430338815852.
Sharpe ratio is 160.66566682424954
Sortino ratio is 233.7739118063216.
Gold value is 1328.937522117757
Profit/loss of gold is 2.09752211775708.
Stdev of gold is 0.006100126179120669, stedev_down of gold is 0.004192430338815852.
Sharpe ratio is 160.66566682424954
Sortino ratio is 233.7739118063216.
Gold value is 1328.937522117757
Profit/loss of gold is 2.09752211775708.
Stdev of gold is 0.006137559522280617, stedev_down of gold is 0.004192430338815852.
Sharpe ratio is 159.68575729857878
Sortino ratio is 233.7739118063216.
Gold value is 1328.937522117757
Profit/loss of gold is 2.09752211775708.
Stdev of gold is 0.006137559522280617, stedev_down of gold is 0.004192430338815852.
Sharpe ratio is 159.68575729857878
Sortino ratio is 233.7739118063216.
Gold value is 1328.937522117757
Profit/loss of gold is 2.09752211775708.
Stdev of gold is 0.006152395550794558, stedev_down of gold is 0.004254524547006062.
Sharpe ratio is 159.30068738085447
Sortino ratio is 230.3620132995057.
Gold value is 1328.937522117757
Profit/loss of gold is 2.09752211775708.
Stdev of gold is 0.006152395550794558, stedev_down of gold is 0.004254524547006062.
Sharpe ratio is 159.30068738085447
Sortino ratio is 230.3620132995057.
Gold value is 1328.937522117757
Profit/loss of gold is 2.09752211775708.
Stdev of gold is 0.006189615635624771, stedev_down of gold is 0.004254524547006062.
Sharpe ratio is 158.34276277828292
Sortino ratio is 230.3620132995057.
Gold value is 1328.937522117757
Profit/loss of gold is 2.09752211775708.
Stdev of gold is 0.006189615635624771, stedev_down of gold is 0.004254524547006062.
Sharpe ratio is 158.34276277828292
Sortino ratio is 230.3620132995057.
Gold value is 1328.937522117757
Profit/loss of gold is 2.09752211775708.
Stdev of gold is 0.0062166489822523974, stedev_down of gold is 0.004308871181975079.
Sharpe ratio is 157.65420294413727
Sortino ratio is 227.45651909492437.
Gold value is 1328.937522117757
Profit/loss of gold is 2.09752211775708.
Stdev of gold is 0.0062166489822523974, stedev_down of gold is 0.004308871181975079.
Sharpe ratio is 157.65420294413727
Sortino ratio is 227.45651909492437.
Gold value is 1328.937522117757
Profit/loss of gold is 2.09752211775708.
Stdev of gold is 0.006235763672612839, stedev_down of gold is 0.004308871181975079.
Sharpe ratio is 157.170940358909
Sortino ratio is 227.45651909492437.
Gold value is 1328.937522117757
Profit/loss of gold is 2.09752211775708.
Stdev of gold is 0.006235763672612839, stedev_down of gold is 0.004308871181975079.
Sharpe ratio is 157.170940358909
Sortino ratio is 227.45651909492437.
Gold value is 1328.937522117757
Profit/loss of gold is 2.09752211775708.
Stdev of gold is 0.006217572340659885, stedev_down of gold is 0.004308871181975079.
Sharpe ratio is 157.63079005470254
Sortino ratio is 227.45651909492437.
Gold value is 1328.937522117757
Profit/loss of gold is 2.09752211775708.
Stdev of gold is 0.006217572340659885, stedev_down of gold is 0.004308871181975079.
Sharpe ratio is 157.63079005470254
Sortino ratio is 227.45651909492437.
Gold value is 1328.937522117757
Profit/loss of gold is 2.09752211775708.
Stdev of gold is 0.006037663381836582, stedev_down of gold is 0.004308871181975079.
Sharpe ratio is 162.3278374923836
Sortino ratio is 227.45651909492437.
Gold value is 1328.937522117757
Profit/loss of gold is 2.09752211775708.
Stdev of gold is 0.006037663381836582, stedev_down of gold is 0.004308871181975079.
Sharpe ratio is 162.3278374923836
Sortino ratio is 227.45651909492437.
Gold value is 1328.937522117757
Profit/loss of gold is 2.09752211775708.
Stdev of gold is 0.006077003973221855, stedev_down of gold is 0.004333355113809995.
Sharpe ratio is 161.27697868870618
Sortino ratio is 226.17136480623486.
Gold value is 1328.937522117757
Profit/loss of gold is 2.09752211775708.
Stdev of gold is 0.006077003973221855, stedev_down of gold is 0.004333355113809995.
Sharpe ratio is 161.27697868870618
Sortino ratio is 226.17136480623486.
Gold value is 1328.937522117757
Profit/loss of gold is 2.09752211775708.
Stdev of gold is 0.005974558589408428, stedev_down of gold is 0.00427697962762176.
Sharpe ratio is 164.04238499191396
Sortino ratio is 229.15256223127335.
Gold value is 1328.937522117757
Profit/loss of gold is 2.09752211775708.
Stdev of gold is 0.005974558589408428, stedev_down of gold is 0.00427697962762176.
Sharpe ratio is 164.04238499191396
Sortino ratio is 229.15256223127335.
Gold value is 1328.937522117757
Profit/loss of gold is 2.09752211775708.
Stdev of gold is 0.005995428831306995, stedev_down of gold is 0.00427697962762176.
Sharpe ratio is 163.47134923238303
Sortino ratio is 229.15256223127335.
Gold value is 1328.937522117757
Profit/loss of gold is 2.09752211775708.
Stdev of gold is 0.005995428831306995, stedev_down of gold is 0.00427697962762176.
Sharpe ratio is 163.47134923238303
Sortino ratio is 229.15256223127335.
Gold value is 1328.937522117757
Profit/loss of gold is 2.09752211775708.
Stdev of gold is 0.006037646519265386, stedev_down of gold is 0.004289640363815931.
Sharpe ratio is 162.32829085856
Sortino ratio is 228.47622578053006.
Gold value is 1328.937522117757
Profit/loss of gold is 2.09752211775708.
Stdev of gold is 0.006037646519265386, stedev_down of gold is 0.004289640363815931.
Sharpe ratio is 162.32829085856
Sortino ratio is 228.47622578053006.
Gold value is 1328.937522117757
Profit/loss of gold is 2.09752211775708.
Stdev of gold is 0.0060819072768996535, stedev_down of gold is 0.004289640363815931.
Sharpe ratio is 161.14695533143598
Sortino ratio is 228.47622578053006.
Gold value is 1328.937522117757
Profit/loss of gold is 2.09752211775708.
Stdev of gold is 0.0060819072768996535, stedev_down of gold is 0.004289640363815931.
Sharpe ratio is 161.14695533143598
Sortino ratio is 228.47622578053006.
Gold value is 1328.937522117757
Profit/loss of gold is 2.09752211775708.
Stdev of gold is 0.006068331541743256, stedev_down of gold is 0.004355770726591296.
Sharpe ratio is 161.50746437280765
Sortino ratio is 225.00744456021164.
Gold value is 1328.937522117757
Profit/loss of gold is 2.09752211775708.
Stdev of gold is 0.006068331541743256, stedev_down of gold is 0.004355770726591296.
Sharpe ratio is 161.50746437280765
Sortino ratio is 225.00744456021164.
Gold value is 1328.937522117757
Profit/loss of gold is 2.09752211775708.
Stdev of gold is 0.006082142723116876, stedev_down of gold is 0.004435261509846799.
Sharpe ratio is 161.14071716130795
Sortino ratio is 220.9747583326462.
Gold value is 1328.937522117757
Profit/loss of gold is 2.09752211775708.
Stdev of gold is 0.006082142723116876, stedev_down of gold is 0.004435261509846799.
Sharpe ratio is 161.14071716130795
Sortino ratio is 220.9747583326462.
Gold value is 1328.937522117757
Profit/loss of gold is 2.09752211775708.
Stdev of gold is 0.005812961993384466, stedev_down of gold is 0.004068323638761306.
Sharpe ratio is 168.60265754289816
Sortino ratio is 240.9053279200009.
Gold value is 1328.937522117757
Profit/loss of gold is 2.09752211775708.
Stdev of gold is 0.005812961993384466, stedev_down of gold is 0.004068323638761306.
Sharpe ratio is 168.60265754289816
Sortino ratio is 240.9053279200009.
Gold value is 1328.937522117757
Profit/loss of gold is 2.09752211775708.
Stdev of gold is 0.0058153899005586275, stedev_down of gold is 0.004148516197306741.
Sharpe ratio is 168.5322664584084
Sortino ratio is 236.24852686287264.
Gold value is 1328.937522117757
Profit/loss of gold is 2.09752211775708.
Stdev of gold is 0.0058153899005586275, stedev_down of gold is 0.004148516197306741.
Sharpe ratio is 168.5322664584084
Sortino ratio is 236.24852686287264.
Gold value is 1328.937522117757
Profit/loss of gold is 2.09752211775708.
Stdev of gold is 0.005862561113909544, stedev_down of gold is 0.004148516197306741.
Sharpe ratio is 167.17622575483927
Sortino ratio is 236.24852686287264.
Gold value is 1328.937522117757
Profit/loss of gold is 2.09752211775708.
Stdev of gold is 0.005862561113909544, stedev_down of gold is 0.004148516197306741.
Sharpe ratio is 167.17622575483927
Sortino ratio is 236.24852686287264.
Gold value is 1328.937522117757
Profit/loss of gold is 2.09752211775708.
Stdev of gold is 0.005906571641049716, stedev_down of gold is 0.00416657750450184.
Sharpe ratio is 165.93057696432237
Sortino ratio is 235.2244352160835.
Gold value is 1328.937522117757
Profit/loss of gold is 2.09752211775708.
Stdev of gold is 0.005906571641049716, stedev_down of gold is 0.00416657750450184.
Sharpe ratio is 165.93057696432237
Sortino ratio is 235.2244352160835.
Gold value is 1328.937522117757
Profit/loss of gold is 2.09752211775708.
Stdev of gold is 0.005954564787897063, stedev_down of gold is 0.004148690055401973.
Sharpe ratio is 164.59319449719396
Sortino ratio is 236.23862645615793.
Gold value is 1328.937522117757
Profit/loss of gold is 2.09752211775708.
Stdev of gold is 0.005954564787897063, stedev_down of gold is 0.004148690055401973.
Sharpe ratio is 164.59319449719396
Sortino ratio is 236.23862645615793.
Gold value is 1328.937522117757
Profit/loss of gold is 2.09752211775708.
Stdev of gold is 0.005877939038618297, stedev_down of gold is 0.004148690055401973.
Sharpe ratio is 166.73885758959273
Sortino ratio is 236.23862645615793.
Gold value is 1328.937522117757
Profit/loss of gold is 2.09752211775708.
Stdev of gold is 0.005877939038618297, stedev_down of gold is 0.004148690055401973.
Sharpe ratio is 166.73885758959273
Sortino ratio is 236.23862645615793.
Gold value is 1328.937522117757
Profit/loss of gold is 2.09752211775708.
Stdev of gold is 0.005902409459468059, stedev_down of gold is 0.004230508140007011.
Sharpe ratio is 166.04758565306503
Sortino ratio is 231.66976822761993.
Gold value is 1328.937522117757
Profit/loss of gold is 2.09752211775708.
Stdev of gold is 0.005902409459468059, stedev_down of gold is 0.004230508140007011.
Sharpe ratio is 166.04758565306503
Sortino ratio is 231.66976822761993.
Gold value is 1328.937522117757
Profit/loss of gold is 2.09752211775708.
Stdev of gold is 0.005901834936775821, stedev_down of gold is 0.004230508140007011.
Sharpe ratio is 166.06374979641552
Sortino ratio is 231.66976822761993.
Gold value is 1328.937522117757
Profit/loss of gold is 2.09752211775708.
Stdev of gold is 0.005901834936775821, stedev_down of gold is 0.004230508140007011.
Sharpe ratio is 166.06374979641552
Sortino ratio is 231.66976822761993.
Gold value is 1328.937522117757
Profit/loss of gold is 2.09752211775708.
Stdev of gold is 0.005909463235911171, stedev_down of gold is 0.004230508140007011.
Sharpe ratio is 165.8493844795646
Sortino ratio is 231.66976822761993.
Gold value is 1328.937522117757
Profit/loss of gold is 2.09752211775708.
Stdev of gold is 0.005909463235911171, stedev_down of gold is 0.004230508140007011.
Sharpe ratio is 165.8493844795646
Sortino ratio is 231.66976822761993.
Gold value is 1328.937522117757
Profit/loss of gold is 2.09752211775708.
Stdev of gold is 0.005798080752306818, stedev_down of gold is 0.004207084694543592.
Sharpe ratio is 169.0353898383616
Sortino ratio is 232.9596172740726.
Gold value is 1328.937522117757
Profit/loss of gold is 2.09752211775708.
Stdev of gold is 0.005798080752306818, stedev_down of gold is 0.004207084694543592.
Sharpe ratio is 169.0353898383616
Sortino ratio is 232.9596172740726.
Gold value is 1328.937522117757
Profit/loss of gold is 2.09752211775708.
Stdev of gold is 0.005821499006669886, stedev_down of gold is 0.004207084694543592.
Sharpe ratio is 168.35540797268408
Sortino ratio is 232.9596172740726.
Gold value is 1328.937522117757
Profit/loss of gold is 2.09752211775708.
Stdev of gold is 0.005821499006669886, stedev_down of gold is 0.004207084694543592.
Sharpe ratio is 168.35540797268408
Sortino ratio is 232.9596172740726.
Gold value is 1328.937522117757
Profit/loss of gold is 2.09752211775708.
Stdev of gold is 0.005876563607678284, stedev_down of gold is 0.004207084694543592.
Sharpe ratio is 166.77788342151456
Sortino ratio is 232.9596172740726.
Gold value is 1328.937522117757
Profit/loss of gold is 2.09752211775708.
Stdev of gold is 0.005876563607678284, stedev_down of gold is 0.004207084694543592.
Sharpe ratio is 166.77788342151456
Sortino ratio is 232.9596172740726.
Gold value is 1328.937522117757
Profit/loss of gold is 2.09752211775708.
Stdev of gold is 0.005928351345983543, stedev_down of gold is 0.004207084694543592.
Sharpe ratio is 165.32097763478347
Sortino ratio is 232.9596172740726.
Gold value is 1328.937522117757
Profit/loss of gold is 2.09752211775708.
Stdev of gold is 0.005928351345983543, stedev_down of gold is 0.004207084694543592.
Sharpe ratio is 165.32097763478347
Sortino ratio is 232.9596172740726.
Gold value is 1328.937522117757
Profit/loss of gold is 2.09752211775708.
Stdev of gold is 0.005956741123227127, stedev_down of gold is 0.004207084694543592.
Sharpe ratio is 164.53305926941385
Sortino ratio is 232.9596172740726.
Gold value is 1328.937522117757
Profit/loss of gold is 2.09752211775708.
Stdev of gold is 0.005956741123227127, stedev_down of gold is 0.004207084694543592.
Sharpe ratio is 164.53305926941385
Sortino ratio is 232.9596172740726.
Gold value is 1328.937522117757
Profit/loss of gold is 2.09752211775708.
Stdev of gold is 0.006004896128513012, stedev_down of gold is 0.004267317533016518.
Sharpe ratio is 163.21362090291152
Sortino ratio is 229.6714113017214.
Gold value is 1328.937522117757
Profit/loss of gold is 2.09752211775708.
Stdev of gold is 0.006004896128513012, stedev_down of gold is 0.004267317533016518.
Sharpe ratio is 163.21362090291152
Sortino ratio is 229.6714113017214.
Gold value is 1328.937522117757
Profit/loss of gold is 2.09752211775708.
Stdev of gold is 0.006051403183843999, stedev_down of gold is 0.004267317533016518.
Sharpe ratio is 161.95926969419222
Sortino ratio is 229.6714113017214.
Gold value is 1328.937522117757
Profit/loss of gold is 2.09752211775708.
Stdev of gold is 0.006051403183843999, stedev_down of gold is 0.004267317533016518.
Sharpe ratio is 161.95926969419222
Sortino ratio is 229.6714113017214.
Gold value is 1328.937522117757
Profit/loss of gold is 2.09752211775708.
Stdev of gold is 0.006050858273828847, stedev_down of gold is 0.004267317533016518.
Sharpe ratio is 161.97385493550996
Sortino ratio is 229.6714113017214.
Gold value is 1328.937522117757
Profit/loss of gold is 2.09752211775708.
Stdev of gold is 0.006050858273828847, stedev_down of gold is 0.004267317533016518.
Sharpe ratio is 161.97385493550996
Sortino ratio is 229.6714113017214.
Gold value is 1328.937522117757
Profit/loss of gold is 2.09752211775708.
Stdev of gold is 0.0060743192789793924, stedev_down of gold is 0.004376350148684041.
Sharpe ratio is 161.34825900115626
Sortino ratio is 223.94936579176417.
Gold value is 1328.937522117757
Profit/loss of gold is 2.09752211775708.
Stdev of gold is 0.0060743192789793924, stedev_down of gold is 0.004376350148684041.
Sharpe ratio is 161.34825900115626
Sortino ratio is 223.94936579176417.
Gold value is 1328.937522117757
Profit/loss of gold is 2.09752211775708.
Stdev of gold is 0.006096835365899575, stedev_down of gold is 0.004494182105387557.
Sharpe ratio is 160.75238733888216
Sortino ratio is 218.07768739624007.
Gold value is 1328.937522117757
Profit/loss of gold is 2.09752211775708.
Stdev of gold is 0.006096835365899575, stedev_down of gold is 0.004494182105387557.
Sharpe ratio is 160.75238733888216
Sortino ratio is 218.07768739624007.
Gold value is 1328.937522117757
Profit/loss of gold is 2.09752211775708.
Stdev of gold is 0.005729745831783672, stedev_down of gold is 0.003995699010159381.
Sharpe ratio is 171.05136406642043
Sortino ratio is 245.28395101546704.
Gold value is 1328.937522117757
Profit/loss of gold is 2.09752211775708.
Stdev of gold is 0.005729745831783672, stedev_down of gold is 0.003995699010159381.
Sharpe ratio is 171.05136406642043
Sortino ratio is 245.28395101546704.
Gold value is 1328.937522117757
Profit/loss of gold is 2.09752211775708.
Stdev of gold is 0.005794503855153567, stedev_down of gold is 0.003995699010159381.
Sharpe ratio is 169.13973392369232
Sortino ratio is 245.28395101546704.
Gold value is 1328.937522117757
Profit/loss of gold is 2.09752211775708.
Stdev of gold is 0.005794503855153567, stedev_down of gold is 0.003995699010159381.
Sharpe ratio is 169.13973392369232
Sortino ratio is 245.28395101546704.
Gold value is 1328.937522117757
Profit/loss of gold is 2.09752211775708.
Stdev of gold is 0.005825327487404565, stedev_down of gold is 0.004108457934693883.
Sharpe ratio is 168.24476261628203
Sortino ratio is 238.55199587275524.
Gold value is 1328.937522117757
Profit/loss of gold is 2.09752211775708.
Stdev of gold is 0.005825327487404565, stedev_down of gold is 0.004108457934693883.
Sharpe ratio is 168.24476261628203
Sortino ratio is 238.55199587275524.
Gold value is 1328.937522117757
Profit/loss of gold is 2.09752211775708.
Stdev of gold is 0.0058777132977971555, stedev_down of gold is 0.004108457934693883.
Sharpe ratio is 166.74526140085766
Sortino ratio is 238.55199587275524.
Gold value is 1328.937522117757
Profit/loss of gold is 2.09752211775708.
Stdev of gold is 0.0058777132977971555, stedev_down of gold is 0.004108457934693883.
Sharpe ratio is 166.74526140085766
Sortino ratio is 238.55199587275524.
Gold value is 1328.937522117757
Profit/loss of gold is 2.09752211775708.
Stdev of gold is 0.00593574856566696, stedev_down of gold is 0.004174896621691072.
Sharpe ratio is 165.11495213078635
Sortino ratio is 234.7557147136005.
Gold value is 1328.937522117757
Profit/loss of gold is 2.09752211775708.
Stdev of gold is 0.00593574856566696, stedev_down of gold is 0.004174896621691072.
Sharpe ratio is 165.11495213078635
Sortino ratio is 234.7557147136005.
Gold value is 1328.937522117757
Profit/loss of gold is 2.09752211775708.
Stdev of gold is 0.006009077181164563, stedev_down of gold is 0.004174896621691072.
Sharpe ratio is 163.10005858346182
Sortino ratio is 234.7557147136005.
Gold value is 1328.937522117757
Profit/loss of gold is 2.09752211775708.
Stdev of gold is 0.006009077181164563, stedev_down of gold is 0.004174896621691072.
Sharpe ratio is 163.10005858346182
Sortino ratio is 234.7557147136005.
Gold value is 1328.937522117757
Profit/loss of gold is 2.09752211775708.
Stdev of gold is 0.006062537373350426, stedev_down of gold is 0.004174896621691072.
Sharpe ratio is 161.6618224225227
Sortino ratio is 234.7557147136005.
Gold value is 1328.937522117757
Profit/loss of gold is 2.09752211775708.
Stdev of gold is 0.006062537373350426, stedev_down of gold is 0.004174896621691072.
Sharpe ratio is 161.6618224225227
Sortino ratio is 234.7557147136005.
Gold value is 1328.937522117757
Profit/loss of gold is 2.09752211775708.
Stdev of gold is 0.0060985702418217555, stedev_down of gold is 0.004174896621691072.
Sharpe ratio is 160.70665769485595
Sortino ratio is 234.7557147136005.
Gold value is 1328.937522117757
Profit/loss of gold is 2.09752211775708.
Stdev of gold is 0.0060985702418217555, stedev_down of gold is 0.004174896621691072.
Sharpe ratio is 160.70665769485595
Sortino ratio is 234.7557147136005.
Gold value is 1328.937522117757
Profit/loss of gold is 2.09752211775708.
Stdev of gold is 0.006168547537316669, stedev_down of gold is 0.004174896621691072.
Sharpe ratio is 158.8835677039819
Sortino ratio is 234.7557147136005.
Gold value is 1328.937522117757
Profit/loss of gold is 2.09752211775708.
Stdev of gold is 0.006168547537316669, stedev_down of gold is 0.004174896621691072.
Sharpe ratio is 158.8835677039819
Sortino ratio is 234.7557147136005.
Gold value is 1328.937522117757
Profit/loss of gold is 2.09752211775708.
Stdev of gold is 0.0058919750079498324, stedev_down of gold is 0.0038855642987669567.
Sharpe ratio is 166.3416492700827
Sortino ratio is 252.23642305739278.
Gold value is 1328.937522117757
Profit/loss of gold is 2.09752211775708.
Stdev of gold is 0.0058919750079498324, stedev_down of gold is 0.0038855642987669567.
Sharpe ratio is 166.3416492700827
Sortino ratio is 252.23642305739278.
Gold value is 1328.937522117757
Profit/loss of gold is 2.09752211775708.
Stdev of gold is 0.005963292761075557, stedev_down of gold is 0.003945803266126373.
Sharpe ratio is 164.35229319576683
Sortino ratio is 248.38563257682057.
Gold value is 1328.937522117757
Profit/loss of gold is 2.09752211775708.
Stdev of gold is 0.005963292761075557, stedev_down of gold is 0.003945803266126373.
Sharpe ratio is 164.35229319576683
Sortino ratio is 248.38563257682057.
Gold value is 1328.937522117757
Profit/loss of gold is 2.09752211775708.
Stdev of gold is 0.006032955053661382, stedev_down of gold is 0.004019684485695375.
Sharpe ratio is 162.4545237885828
Sortino ratio is 243.82034056858.
Gold value is 1328.937522117757
Profit/loss of gold is 2.09752211775708.
Stdev of gold is 0.006032955053661382, stedev_down of gold is 0.004019684485695375.
Sharpe ratio is 162.4545237885828
Sortino ratio is 243.82034056858.
Gold value is 1328.937522117757
Profit/loss of gold is 2.09752211775708.
Stdev of gold is 0.005878528942922741, stedev_down of gold is 0.004032833326192171.
Sharpe ratio is 166.72212551754458
Sortino ratio is 243.0253771994795.
Gold value is 1328.937522117757
Profit/loss of gold is 2.09752211775708.
Stdev of gold is 0.005878528942922741, stedev_down of gold is 0.004032833326192171.
Sharpe ratio is 166.72212551754458
Sortino ratio is 243.0253771994795.
Gold value is 1328.937522117757
Profit/loss of gold is 2.09752211775708.
Stdev of gold is 0.005939371505802796, stedev_down of gold is 0.004152831493706902.
Sharpe ratio is 165.0142341362112
Sortino ratio is 236.00303594443312.
Gold value is 1328.937522117757
Profit/loss of gold is 2.09752211775708.
Stdev of gold is 0.005939371505802796, stedev_down of gold is 0.004152831493706902.
Sharpe ratio is 165.0142341362112
Sortino ratio is 236.00303594443312.
Gold value is 1328.937522117757
Profit/loss of gold is 2.09752211775708.
Stdev of gold is 0.006037528176671899, stedev_down of gold is 0.004152831493706902.
Sharpe ratio is 162.33147268237502
Sortino ratio is 236.00303594443312.
Gold value is 1328.937522117757
Profit/loss of gold is 2.09752211775708.
Stdev of gold is 0.006037528176671899, stedev_down of gold is 0.004152831493706902.
Sharpe ratio is 162.33147268237502
Sortino ratio is 236.00303594443312.
Gold value is 1328.937522117757
Profit/loss of gold is 2.09752211775708.
Stdev of gold is 0.006093628809072926, stedev_down of gold is 0.004308823405701621.
Sharpe ratio is 160.8369776021181
Sortino ratio is 227.45904113489507.
Gold value is 1328.937522117757
Profit/loss of gold is 2.09752211775708.
Stdev of gold is 0.006093628809072926, stedev_down of gold is 0.004308823405701621.
Sharpe ratio is 160.8369776021181
Sortino ratio is 227.45904113489507.
Gold value is 1328.937522117757
Profit/loss of gold is 2.09752211775708.
Stdev of gold is 0.0061976693249891565, stedev_down of gold is 0.004308823405701621.
Sharpe ratio is 158.13700100597066
Sortino ratio is 227.45904113489507.
Gold value is 1328.937522117757
Profit/loss of gold is 2.09752211775708.
Stdev of gold is 0.0061976693249891565, stedev_down of gold is 0.004308823405701621.
Sharpe ratio is 158.13700100597066
Sortino ratio is 227.45904113489507.
Gold value is 1328.937522117757
Profit/loss of gold is 2.09752211775708.
Stdev of gold is 0.006311029546949478, stedev_down of gold is 0.004308823405701621.
Sharpe ratio is 155.29650637655772
Sortino ratio is 227.45904113489507.
Gold value is 1328.937522117757
Profit/loss of gold is 2.09752211775708.
Stdev of gold is 0.006311029546949478, stedev_down of gold is 0.004308823405701621.
Sharpe ratio is 155.29650637655772
Sortino ratio is 227.45904113489507.
Gold value is 1328.937522117757
Profit/loss of gold is 2.09752211775708.
Stdev of gold is 0.006334068119679136, stedev_down of gold is 0.004308823405701621.
Sharpe ratio is 154.7316545642284
Sortino ratio is 227.45904113489507.
Gold value is 1328.937522117757
Profit/loss of gold is 2.09752211775708.
Stdev of gold is 0.006334068119679136, stedev_down of gold is 0.004308823405701621.
Sharpe ratio is 154.7316545642284
Sortino ratio is 227.45904113489507.
Gold value is 1328.937522117757
Profit/loss of gold is 2.09752211775708.
Stdev of gold is 0.006337806861223115, stedev_down of gold is 0.004569313898121134.
Sharpe ratio is 154.64037666987863
Sortino ratio is 214.49190450309953.
Gold value is 1328.937522117757
Profit/loss of gold is 2.09752211775708.
Stdev of gold is 0.006337806861223115, stedev_down of gold is 0.004569313898121134.
Sharpe ratio is 154.64037666987863
Sortino ratio is 214.49190450309953.
Gold value is 1328.937522117757
Profit/loss of gold is 2.09752211775708.
Stdev of gold is 0.006462470873857765, stedev_down of gold is 0.004569313898121134.
Sharpe ratio is 151.65729322589976
Sortino ratio is 214.49190450309953.
Gold value is 1328.937522117757
Profit/loss of gold is 2.09752211775708.
Stdev of gold is 0.006462470873857765, stedev_down of gold is 0.004569313898121134.
Sharpe ratio is 151.65729322589976
Sortino ratio is 214.49190450309953.
Gold value is 1328.937522117757
Profit/loss of gold is 2.09752211775708.
Stdev of gold is 0.006134944927816155, stedev_down of gold is 0.004471475809336564.
Sharpe ratio is 159.75381226924253
Sortino ratio is 219.1850928129921.
Gold value is 1328.937522117757
Profit/loss of gold is 2.09752211775708.
Stdev of gold is 0.006134944927816155, stedev_down of gold is 0.004471475809336564.
Sharpe ratio is 159.75381226924253
Sortino ratio is 219.1850928129921.
Gold value is 1328.937522117757
Profit/loss of gold is 2.09752211775708.
Stdev of gold is 0.0061890078494946585, stedev_down of gold is 0.004471475809336564.
Sharpe ratio is 158.3583126915098
Sortino ratio is 219.1850928129921.
Gold value is 1328.937522117757
Profit/loss of gold is 2.09752211775708.
Stdev of gold is 0.0061890078494946585, stedev_down of gold is 0.004471475809336564.
Sharpe ratio is 158.3583126915098
Sortino ratio is 219.1850928129921.
Gold value is 1328.937522117757
Profit/loss of gold is 2.09752211775708.
Stdev of gold is 0.006334538885055725, stedev_down of gold is 0.004471475809336564.
Sharpe ratio is 154.72015533643093
Sortino ratio is 219.1850928129921.
Gold value is 1328.937522117757
Profit/loss of gold is 2.09752211775708.
Stdev of gold is 0.006334538885055725, stedev_down of gold is 0.004471475809336564.
Sharpe ratio is 154.72015533643093
Sortino ratio is 219.1850928129921.
Gold value is 1328.937522117757
Profit/loss of gold is 2.09752211775708.
Stdev of gold is 0.006487934415477864, stedev_down of gold is 0.004471475809336564.
Sharpe ratio is 151.062075772894
Sortino ratio is 219.1850928129921.
Gold value is 1328.937522117757
Profit/loss of gold is 2.09752211775708.
Stdev of gold is 0.006487934415477864, stedev_down of gold is 0.004471475809336564.
Sharpe ratio is 151.062075772894
Sortino ratio is 219.1850928129921.
Gold value is 1328.937522117757
Profit/loss of gold is 2.09752211775708.
Stdev of gold is 0.006573425366964608, stedev_down of gold is 0.004772754849814818.
Sharpe ratio is 149.09743179042937
Sortino ratio is 205.34908477826193.
Gold value is 1328.937522117757
Profit/loss of gold is 2.09752211775708.
Stdev of gold is 0.006573425366964608, stedev_down of gold is 0.004772754849814818.
Sharpe ratio is 149.09743179042937
Sortino ratio is 205.34908477826193.
Gold value is 1328.937522117757
Profit/loss of gold is 2.09752211775708.
Stdev of gold is 0.006752120575185445, stedev_down of gold is 0.004772754849814818.
Sharpe ratio is 145.15156081222176
Sortino ratio is 205.34908477826193.
Gold value is 1328.937522117757
Profit/loss of gold is 2.09752211775708.
Stdev of gold is 0.006752120575185445, stedev_down of gold is 0.004772754849814818.
Sharpe ratio is 145.15156081222176
Sortino ratio is 205.34908477826193.
Gold value is 1328.937522117757
Profit/loss of gold is 2.09752211775708.
Stdev of gold is 0.006947300507595969, stedev_down of gold is 0.004772754849814818.
Sharpe ratio is 141.07362121573595
Sortino ratio is 205.34908477826193.
Gold value is 1328.937522117757
Profit/loss of gold is 2.09752211775708.
Stdev of gold is 0.006947300507595969, stedev_down of gold is 0.004772754849814818.
Sharpe ratio is 141.07362121573595
Sortino ratio is 205.34908477826193.
Gold value is 1328.937522117757
Profit/loss of gold is 2.09752211775708.
Stdev of gold is 0.0069600315513466925, stedev_down of gold is 0.004772754849814818.
Sharpe ratio is 140.81557433325838
Sortino ratio is 205.34908477826193.
Gold value is 1328.937522117757
Profit/loss of gold is 2.09752211775708.
Stdev of gold is 0.0069600315513466925, stedev_down of gold is 0.004772754849814818.
Sharpe ratio is 140.81557433325838
Sortino ratio is 205.34908477826193.
Gold value is 1328.937522117757
Profit/loss of gold is 2.09752211775708.
Stdev of gold is 0.007171596509198951, stedev_down of gold is 0.004765569473433086.
Sharpe ratio is 136.6614587175034
Sortino ratio is 205.6587036962111.
Gold value is 1328.937522117757
Profit/loss of gold is 2.09752211775708.
Stdev of gold is 0.007171596509198951, stedev_down of gold is 0.004765569473433086.
Sharpe ratio is 136.6614587175034
Sortino ratio is 205.6587036962111.
Gold value is 1328.937522117757
Profit/loss of gold is 2.09752211775708.
Stdev of gold is 0.00590713469776353, stedev_down of gold is 0.001713058951228031.
Sharpe ratio is 165.91476078098358
Sortino ratio is 572.1232416303588.
Gold value is 1328.937522117757
Profit/loss of gold is 2.09752211775708.
Stdev of gold is 0.00590713469776353, stedev_down of gold is 0.001713058951228031.
Sharpe ratio is 165.91476078098358
Sortino ratio is 572.1232416303588.
Gold value is 1328.937522117757
Profit/loss of gold is 2.09752211775708.
Stdev of gold is 0.0060856583885411635, stedev_down of gold is 0.001713058951228031.
Sharpe ratio is 161.0476266834008
Sortino ratio is 572.1232416303588.
Gold value is 1328.937522117757
Profit/loss of gold is 2.09752211775708.
Stdev of gold is 0.0060856583885411635, stedev_down of gold is 0.001713058951228031.
Sharpe ratio is 161.0476266834008
Sortino ratio is 572.1232416303588.
Gold value is 1328.937522117757
Profit/loss of gold is 2.09752211775708.
Stdev of gold is 0.006119474719762342, stedev_down of gold is 0.0018879380512451904.
Sharpe ratio is 160.15767450029543
Sortino ratio is 519.1276480889143.
Gold value is 1328.937522117757
Profit/loss of gold is 2.09752211775708.
Stdev of gold is 0.006119474719762342, stedev_down of gold is 0.0018879380512451904.
Sharpe ratio is 160.15767450029543
Sortino ratio is 519.1276480889143.
Gold value is 1328.937522117757
Profit/loss of gold is 2.09752211775708.
Stdev of gold is 0.006233262220953136, stedev_down of gold is 0.0005730216542227384.
Sharpe ratio is 157.2340141548896
Sortino ratio is 1710.3731299821316.
Gold value is 1328.937522117757
Profit/loss of gold is 2.09752211775708.
Stdev of gold is 0.006233262220953136, stedev_down of gold is 0.0005730216542227384.
Sharpe ratio is 157.2340141548896
Sortino ratio is 1710.3731299821316.
Gold value is 1328.937522117757
Profit/loss of gold is 2.09752211775708.
Stdev of gold is 0.006394971304730044, stedev_down of gold is 0.0005730216542227384.
Sharpe ratio is 153.25805129970894
Sortino ratio is 1710.3731299821316.
Gold value is 1328.937522117757
Profit/loss of gold is 2.09752211775708.
Stdev of gold is 0.006394971304730044, stedev_down of gold is 0.0005730216542227384.
Sharpe ratio is 153.25805129970894
Sortino ratio is 1710.3731299821316.
Gold value is 1328.937522117757
Profit/loss of gold is 2.09752211775708.
Stdev of gold is 0.006692961605944475, stedev_down of gold is 0.0005730216542227384.
Sharpe ratio is 146.43455289060785
Sortino ratio is 1710.3731299821316.
Gold value is 1328.937522117757
Profit/loss of gold is 2.09752211775708.
Stdev of gold is 0.006692961605944475, stedev_down of gold is 0.0005730216542227384.
Sharpe ratio is 146.43455289060785
Sortino ratio is 1710.3731299821316.
