S of reit is 95.85.Optimised S of reit is 96.25228130514493
K of reit is 100.12487963787953.Optimised K of reit is 91.12487963787953
put option of reit is 0.0, call option of reit is 4.725120362120464, and caller option of reit is 4.725120362120464
profit/loss of reit option is 5.127401667265403
S of reit is 95.85.Optimised S of reit is 96.15964654014545
K of reit is 100.13370079897872.Optimised K of reit is 91.13370079897872
put option of reit is 0.0, call option of reit is 4.716299201021272, and caller option of reit is 4.716299201021272
profit/loss of reit option is 5.025945741166723
S of reit is 95.85.Optimised S of reit is 96.32908529211949
K of reit is 100.14200335131048.Optimised K of reit is 91.14200335131048
put option of reit is 0.0, call option of reit is 4.707996648689516, and caller option of reit is 4.707996648689516
profit/loss of reit option is 5.1870819408090085
S of reit is 95.85.Optimised S of reit is 96.38103219974528
K of reit is 100.1519766029233.Optimised K of reit is 91.1519766029233
put option of reit is 0.0, call option of reit is 4.698023397076696, and caller option of reit is 4.698023397076696
profit/loss of reit option is 5.229055596821979
S of reit is 95.85.Optimised S of reit is 96.38842390070714
K of reit is 100.16206174712329.Optimised K of reit is 91.16206174712329
put option of reit is 0.0, call option of reit is 4.687938252876705, and caller option of reit is 4.687938252876705
profit/loss of reit option is 5.22636215358385
S of reit is 95.85.Optimised S of reit is 96.4434623692404
K of reit is 100.17005007168952.Optimised K of reit is 91.17005007168952
put option of reit is 0.0, call option of reit is 4.679949928310478, and caller option of reit is 4.679949928310478
profit/loss of reit option is 5.273412297550877
S of reit is 95.85.Optimised S of reit is 96.27815512260288
K of reit is 100.1804988954174.Optimised K of reit is 91.1804988954174
put option of reit is 0.0, call option of reit is 4.669501104582594, and caller option of reit is 4.669501104582594
profit/loss of reit option is 5.097656227185482
S of reit is 95.85.Optimised S of reit is 96.31218417315009
K of reit is 100.17484000756471.Optimised K of reit is 91.17484000756471
put option of reit is 0.0, call option of reit is 4.675159992435283, and caller option of reit is 4.675159992435283
profit/loss of reit option is 5.137344165585375
S of reit is 95.85.Optimised S of reit is 96.53879168109137
K of reit is 100.18755897595072.Optimised K of reit is 91.18755897595072
put option of reit is 0.0, call option of reit is 4.662441024049272, and caller option of reit is 4.662441024049272
profit/loss of reit option is 5.351232705140646
S of reit is 95.85.Optimised S of reit is 96.35719404072836
K of reit is 100.19754043451675.Optimised K of reit is 91.19754043451675
put option of reit is 0.0, call option of reit is 4.652459565483241, and caller option of reit is 4.652459565483241
profit/loss of reit option is 5.159653606211606
S of reit is 95.85.Optimised S of reit is 96.33420079822537
K of reit is 100.2105523546393.Optimised K of reit is 91.2105523546393
put option of reit is 0.0, call option of reit is 4.63944764536069, and caller option of reit is 4.63944764536069
profit/loss of reit option is 5.123648443586063
S of reit is 95.85.Optimised S of reit is 96.36596033092121
K of reit is 100.22235364806896.Optimised K of reit is 91.22235364806896
put option of reit is 0.0, call option of reit is 4.627646351931034, and caller option of reit is 4.627646351931034
profit/loss of reit option is 5.143606682852251
S of reit is 95.85.Optimised S of reit is 96.27676139027761
K of reit is 100.19684127200799.Optimised K of reit is 91.19684127200799
put option of reit is 0.0, call option of reit is 4.6531587279920075, and caller option of reit is 4.6531587279920075
profit/loss of reit option is 5.0799201182696265
S of reit is 95.85.Optimised S of reit is 96.13773449602697
K of reit is 100.20894474184517.Optimised K of reit is 91.20894474184517
put option of reit is 0.0, call option of reit is 4.641055258154822, and caller option of reit is 4.641055258154822
profit/loss of reit option is 4.928789754181793
S of reit is 95.85.Optimised S of reit is 96.27745614663937
K of reit is 100.21667007970247.Optimised K of reit is 91.21667007970247
put option of reit is 0.0, call option of reit is 4.633329920297527, and caller option of reit is 4.633329920297527
profit/loss of reit option is 5.060786066936899
S of reit is 62.85.Optimised S of reit is 63.32199875483126
K of reit is 65.82949164084688.Optimised K of reit is 56.82949164084688
put option of reit is 0.0, call option of reit is 6.020508359153119, and caller option of reit is 6.020508359153119
profit/loss of reit option is 6.492507113984381
S of reit is 62.85.Optimised S of reit is 62.99771929188378
K of reit is 65.82841103924564.Optimised K of reit is 56.82841103924564
put option of reit is 0.0, call option of reit is 6.0215889607543645, and caller option of reit is 6.0215889607543645
profit/loss of reit option is 6.169308252638153
S of reit is 62.85.Optimised S of reit is 63.36495145260939
K of reit is 65.83820892317212.Optimised K of reit is 56.83820892317212
put option of reit is 0.0, call option of reit is 6.011791076827883, and caller option of reit is 6.011791076827883
profit/loss of reit option is 6.5267425294372785
S of reit is 62.85.Optimised S of reit is 63.416746592017596
K of reit is 65.81594385711607.Optimised K of reit is 56.81594385711607
put option of reit is 0.0, call option of reit is 6.034056142883934, and caller option of reit is 6.034056142883934
profit/loss of reit option is 6.600802734901528
S of reit is 62.85.Optimised S of reit is 63.019483014018896
K of reit is 65.82948229157057.Optimised K of reit is 56.82948229157057
put option of reit is 0.0, call option of reit is 6.020517708429431, and caller option of reit is 6.020517708429431
profit/loss of reit option is 6.190000722448325
S of reit is 62.85.Optimised S of reit is 63.24507503816858
K of reit is 65.84150613249406.Optimised K of reit is 56.84150613249406
put option of reit is 0.0, call option of reit is 6.0084938675059405, and caller option of reit is 6.0084938675059405
profit/loss of reit option is 6.403568905674511
S of reit is 62.85.Optimised S of reit is 63.25022084585668
K of reit is 65.84552401634178.Optimised K of reit is 56.845524016341784
put option of reit is 0.0, call option of reit is 6.004475983658217, and caller option of reit is 6.004475983658217
profit/loss of reit option is 6.404696829514897
S of reit is 62.85.Optimised S of reit is 63.355425580118386
K of reit is 65.85753690335318.Optimised K of reit is 56.85753690335318
put option of reit is 0.0, call option of reit is 5.992463096646823, and caller option of reit is 5.992463096646823
profit/loss of reit option is 6.497888676765207
S of reit is 62.85.Optimised S of reit is 63.22875423266122
K of reit is 65.85829012631744.Optimised K of reit is 56.85829012631744
put option of reit is 0.0, call option of reit is 5.991709873682559, and caller option of reit is 5.991709873682559
profit/loss of reit option is 6.370464106343768
S of reit is 62.85.Optimised S of reit is 63.033537581695086
K of reit is 65.85926679255135.Optimised K of reit is 56.85926679255135
put option of reit is 0.0, call option of reit is 5.990733207448649, and caller option of reit is 5.990733207448649
profit/loss of reit option is 6.1742707891437405
S of reit is 62.85.Optimised S of reit is 63.41285317849596
K of reit is 65.83748337837493.Optimised K of reit is 56.83748337837493
put option of reit is 0.0, call option of reit is 6.012516621625075, and caller option of reit is 6.012516621625075
profit/loss of reit option is 6.575369800121031
S of reit is 62.85.Optimised S of reit is 63.1244286028893
K of reit is 65.84994447222613.Optimised K of reit is 56.84994447222613
put option of reit is 0.0, call option of reit is 6.000055527773874, and caller option of reit is 6.000055527773874
profit/loss of reit option is 6.274484130663176
S of reit is 62.85.Optimised S of reit is 63.138779941487634
K of reit is 65.85717284692466.Optimised K of reit is 56.857172846924655
put option of reit is 0.0, call option of reit is 5.992827153075346, and caller option of reit is 5.992827153075346
profit/loss of reit option is 6.281607094562979
S of reit is 62.85.Optimised S of reit is 63.0899219228679
K of reit is 65.871714978633.Optimised K of reit is 56.871714978632994
put option of reit is 0.0, call option of reit is 5.978285021367007, and caller option of reit is 5.978285021367007
profit/loss of reit option is 6.2182069442349
S of reit is 62.85.Optimised S of reit is 63.429059462705006
K of reit is 65.88710531805638.Optimised K of reit is 56.887105318056385
put option of reit is 0.0, call option of reit is 5.962894681943617, and caller option of reit is 5.962894681943617
profit/loss of reit option is 6.541954144648621
S of reit is 62.85.Optimised S of reit is 63.41696146029038
K of reit is 65.90044306079251.Optimised K of reit is 56.90044306079251
put option of reit is 0.0, call option of reit is 5.94955693920749, and caller option of reit is 5.94955693920749
profit/loss of reit option is 6.516518399497862
S of reit is 62.85.Optimised S of reit is 63.31940196520134
K of reit is 65.90243127005755.Optimised K of reit is 56.90243127005755
put option of reit is 0.0, call option of reit is 5.947568729942454, and caller option of reit is 5.947568729942454
profit/loss of reit option is 6.416970695143782
S of reit is 62.85.Optimised S of reit is 63.22881449443666
K of reit is 65.91831075771961.Optimised K of reit is 56.91831075771961
put option of reit is 0.0, call option of reit is 5.931689242280392, and caller option of reit is 5.931689242280392
profit/loss of reit option is 6.3105037367170596
S of reit is 62.85.Optimised S of reit is 63.4310251868709
K of reit is 65.92794066431823.Optimised K of reit is 56.92794066431823
put option of reit is 0.0, call option of reit is 5.922059335681773, and caller option of reit is 5.922059335681773
profit/loss of reit option is 6.503084522552676
S of reit is 62.85.Optimised S of reit is 63.272234146485275
K of reit is 65.94448636605696.Optimised K of reit is 56.944486366056964
put option of reit is 0.0, call option of reit is 5.905513633943038, and caller option of reit is 5.905513633943038
profit/loss of reit option is 6.327747780428318
S of reit is 62.85.Optimised S of reit is 63.32190201221365
K of reit is 65.95916375210699.Optimised K of reit is 56.95916375210699
put option of reit is 0.0, call option of reit is 5.890836247893013, and caller option of reit is 5.890836247893013
profit/loss of reit option is 6.36273826010666
S of reit is 62.85.Optimised S of reit is 63.158663064294934
K of reit is 65.92234542187461.Optimised K of reit is 56.92234542187461
put option of reit is 0.0, call option of reit is 5.9276545781253915, and caller option of reit is 5.9276545781253915
profit/loss of reit option is 6.236317642420325
S of reit is 99.25.Optimised S of reit is 99.89847426150816
K of reit is 103.72104309365977.Optimised K of reit is 94.72104309365977
put option of reit is 0.0, call option of reit is 4.528956906340227, and caller option of reit is 4.528956906340227
profit/loss of reit option is 5.177431167848383
S of reit is 99.25.Optimised S of reit is 99.4808914009395
K of reit is 103.7324850514037.Optimised K of reit is 94.7324850514037
put option of reit is 0.0, call option of reit is 4.5175149485963, and caller option of reit is 4.5175149485963
profit/loss of reit option is 4.748406349535799
S of reit is 99.25.Optimised S of reit is 99.73633366939877
K of reit is 103.72882354412219.Optimised K of reit is 94.72882354412219
put option of reit is 0.0, call option of reit is 4.521176455877807, and caller option of reit is 4.521176455877807
profit/loss of reit option is 5.007510125276582
S of reit is 99.25.Optimised S of reit is 99.7431202859405
K of reit is 103.73444078461269.Optimised K of reit is 94.73444078461269
put option of reit is 0.0, call option of reit is 4.515559215387313, and caller option of reit is 4.515559215387313
profit/loss of reit option is 5.008679501327819
S of reit is 99.25.Optimised S of reit is 99.6207859253567
K of reit is 103.73783130945242.Optimised K of reit is 94.73783130945242
put option of reit is 0.0, call option of reit is 4.512168690547583, and caller option of reit is 4.512168690547583
profit/loss of reit option is 4.882954615904282
S of reit is 99.25.Optimised S of reit is 99.78859767958018
K of reit is 103.74932352211249.Optimised K of reit is 94.74932352211249
put option of reit is 0.0, call option of reit is 4.5006764778875095, and caller option of reit is 4.5006764778875095
profit/loss of reit option is 5.039274157467688
S of reit is 99.25.Optimised S of reit is 99.761263731886
K of reit is 103.76196466973582.Optimised K of reit is 94.76196466973582
put option of reit is 0.0, call option of reit is 4.488035330264182, and caller option of reit is 4.488035330264182
profit/loss of reit option is 4.999299062150186
S of reit is 99.25.Optimised S of reit is 99.80350115246526
K of reit is 103.77344016184331.Optimised K of reit is 94.77344016184331
put option of reit is 0.0, call option of reit is 4.476559838156689, and caller option of reit is 4.476559838156689
profit/loss of reit option is 5.030060990621948
S of reit is 99.25.Optimised S of reit is 99.65183631040448
K of reit is 103.78224859333471.Optimised K of reit is 94.78224859333471
put option of reit is 0.0, call option of reit is 4.467751406665286, and caller option of reit is 4.467751406665286
profit/loss of reit option is 4.869587717069763
S of reit is 99.25.Optimised S of reit is 99.50555209261398
K of reit is 103.78725174501493.Optimised K of reit is 94.78725174501493
put option of reit is 0.0, call option of reit is 4.4627482549850725, and caller option of reit is 4.4627482549850725
profit/loss of reit option is 4.718300347599055
S of reit is 99.25.Optimised S of reit is 99.65701284995366
K of reit is 103.79881683645084.Optimised K of reit is 94.79881683645084
put option of reit is 0.0, call option of reit is 4.45118316354916, and caller option of reit is 4.45118316354916
profit/loss of reit option is 4.85819601350282
S of reit is 99.25.Optimised S of reit is 99.73962372786336
K of reit is 103.80791878211025.Optimised K of reit is 94.80791878211025
put option of reit is 0.0, call option of reit is 4.442081217889751, and caller option of reit is 4.442081217889751
profit/loss of reit option is 4.931704945753111
S of reit is 99.25.Optimised S of reit is 99.55057406843791
K of reit is 103.81435411753773.Optimised K of reit is 94.81435411753773
put option of reit is 0.0, call option of reit is 4.435645882462268, and caller option of reit is 4.435645882462268
profit/loss of reit option is 4.736219950900178
S of reit is 99.25.Optimised S of reit is 99.8372565155491
K of reit is 103.8253244973481.Optimised K of reit is 94.8253244973481
put option of reit is 0.0, call option of reit is 4.424675502651894, and caller option of reit is 4.424675502651894
profit/loss of reit option is 5.011932018200994
S of reit is 99.25.Optimised S of reit is 99.6417386298754
K of reit is 103.81594548553872.Optimised K of reit is 94.81594548553872
put option of reit is 0.0, call option of reit is 4.43405451446128, and caller option of reit is 4.43405451446128
profit/loss of reit option is 4.825793144336686
S of reit is 99.25.Optimised S of reit is 100.0121505113481
K of reit is 103.81198252478904.Optimised K of reit is 94.81198252478904
put option of reit is 0.0, call option of reit is 4.438017475210955, and caller option of reit is 4.438017475210955
profit/loss of reit option is 5.200167986559052
S of reit is 99.25.Optimised S of reit is 99.55616468030941
K of reit is 103.81539548749012.Optimised K of reit is 94.81539548749012
put option of reit is 0.0, call option of reit is 4.434604512509878, and caller option of reit is 4.434604512509878
profit/loss of reit option is 4.740769192819286
S of reit is 99.25.Optimised S of reit is 99.7114999585083
K of reit is 103.82647658113801.Optimised K of reit is 94.82647658113801
put option of reit is 0.0, call option of reit is 4.42352341886199, and caller option of reit is 4.42352341886199
profit/loss of reit option is 4.885023377370288
S of reit is 99.25.Optimised S of reit is 100.01815142857055
K of reit is 103.83373826214482.Optimised K of reit is 94.83373826214482
put option of reit is 0.0, call option of reit is 4.41626173785518, and caller option of reit is 4.41626173785518
profit/loss of reit option is 5.184413166425728
S of reit is 99.25.Optimised S of reit is 99.63294907821927
K of reit is 103.83449485555123.Optimised K of reit is 94.83449485555123
put option of reit is 0.0, call option of reit is 4.4155051444487725, and caller option of reit is 4.4155051444487725
profit/loss of reit option is 4.798454222668042
S of reit is 99.25.Optimised S of reit is 99.76898833219411
K of reit is 103.8218147218871.Optimised K of reit is 94.8218147218871
put option of reit is 0.0, call option of reit is 4.428185278112906, and caller option of reit is 4.428185278112906
profit/loss of reit option is 4.9471736103070185
S of reit is 99.25.Optimised S of reit is 99.53781303823676
K of reit is 103.83737983823966.Optimised K of reit is 94.83737983823966
put option of reit is 0.0, call option of reit is 4.412620161760344, and caller option of reit is 4.412620161760344
profit/loss of reit option is 4.700433199997107
S of reit is 99.25.Optimised S of reit is 99.67039928609267
K of reit is 103.85087571638111.Optimised K of reit is 94.85087571638111
put option of reit is 0.0, call option of reit is 4.399124283618889, and caller option of reit is 4.399124283618889
profit/loss of reit option is 4.8195235697115635
S of reit is 99.25.Optimised S of reit is 100.00835957544068
K of reit is 103.86458006957818.Optimised K of reit is 94.86458006957818
put option of reit is 0.0, call option of reit is 4.385419930421818, and caller option of reit is 4.385419930421818
profit/loss of reit option is 5.143779505862497
S of reit is 99.25.Optimised S of reit is 99.86024911519723
K of reit is 103.8771148203582.Optimised K of reit is 94.8771148203582
put option of reit is 0.0, call option of reit is 4.3728851796417985, and caller option of reit is 4.3728851796417985
profit/loss of reit option is 4.983134294839033
S of reit is 99.25.Optimised S of reit is 99.67899388686789
K of reit is 103.89042813293698.Optimised K of reit is 94.89042813293698
put option of reit is 0.0, call option of reit is 4.359571867063025, and caller option of reit is 4.359571867063025
profit/loss of reit option is 4.788565753930911
S of reit is 99.25.Optimised S of reit is 99.65251282526921
K of reit is 103.9068342728479.Optimised K of reit is 94.9068342728479
put option of reit is 0.0, call option of reit is 4.343165727152098, and caller option of reit is 4.343165727152098
profit/loss of reit option is 4.74567855242131
S of reit is 99.25.Optimised S of reit is 99.93522263455856
K of reit is 103.86104220664512.Optimised K of reit is 94.86104220664512
put option of reit is 0.0, call option of reit is 4.3889577933548765, and caller option of reit is 4.3889577933548765
profit/loss of reit option is 5.074180427913433
S of reit is 99.25.Optimised S of reit is 99.78380928836708
K of reit is 103.86016197397144.Optimised K of reit is 94.86016197397144
put option of reit is 0.0, call option of reit is 4.389838026028556, and caller option of reit is 4.389838026028556
profit/loss of reit option is 4.923647314395637
S of reit is 99.25.Optimised S of reit is 99.88994835237102
K of reit is 103.87283517309072.Optimised K of reit is 94.87283517309072
put option of reit is 0.0, call option of reit is 4.377164826909279, and caller option of reit is 4.377164826909279
profit/loss of reit option is 5.017113179280301
S of reit is 99.25.Optimised S of reit is 99.61548076512493
K of reit is 103.8847068595351.Optimised K of reit is 94.8847068595351
put option of reit is 0.0, call option of reit is 4.3652931404649, and caller option of reit is 4.3652931404649
profit/loss of reit option is 4.730773905589828
S of reit is 99.25.Optimised S of reit is 99.64535442770612
K of reit is 103.89925741839734.Optimised K of reit is 94.89925741839734
put option of reit is 0.0, call option of reit is 4.35074258160266, and caller option of reit is 4.35074258160266
profit/loss of reit option is 4.746097009308784
S of reit is 99.25.Optimised S of reit is 99.77136024201154
K of reit is 103.91402141375347.Optimised K of reit is 94.91402141375347
put option of reit is 0.0, call option of reit is 4.335978586246526, and caller option of reit is 4.335978586246526
profit/loss of reit option is 4.857338828258065
S of reit is 99.25.Optimised S of reit is 99.83800143944764
K of reit is 103.9284942598895.Optimised K of reit is 94.9284942598895
put option of reit is 0.0, call option of reit is 4.321505740110496, and caller option of reit is 4.321505740110496
profit/loss of reit option is 4.909507179558133
S of reit is 99.25.Optimised S of reit is 100.08339727746436
K of reit is 103.9440165372787.Optimised K of reit is 94.9440165372787
put option of reit is 0.0, call option of reit is 4.305983462721301, and caller option of reit is 4.305983462721301
profit/loss of reit option is 5.139380740185658
S of reit is 99.25.Optimised S of reit is 99.77908838233499
K of reit is 103.94118143437213.Optimised K of reit is 94.94118143437213
put option of reit is 0.0, call option of reit is 4.308818565627874, and caller option of reit is 4.308818565627874
profit/loss of reit option is 4.837906947962864
S of reit is 99.25.Optimised S of reit is 99.85511863941316
K of reit is 103.96107438055263.Optimised K of reit is 94.96107438055263
put option of reit is 0.0, call option of reit is 4.288925619447369, and caller option of reit is 4.288925619447369
profit/loss of reit option is 4.894044258860532
S of reit is 99.25.Optimised S of reit is 99.79283303754184
K of reit is 103.97612315611823.Optimised K of reit is 94.97612315611823
put option of reit is 0.0, call option of reit is 4.273876843881766, and caller option of reit is 4.273876843881766
profit/loss of reit option is 4.816709881423606
S of reit is 99.25.Optimised S of reit is 99.55176462356926
K of reit is 103.99661150420937.Optimised K of reit is 94.99661150420937
put option of reit is 0.0, call option of reit is 4.253388495790631, and caller option of reit is 4.253388495790631
profit/loss of reit option is 4.555153119359886
S of reit is 99.25.Optimised S of reit is 99.85393023455808
K of reit is 104.01486102354986.Optimised K of reit is 95.01486102354986
put option of reit is 0.0, call option of reit is 4.235138976450145, and caller option of reit is 4.235138976450145
profit/loss of reit option is 4.839069211008223
S of reit is 99.25.Optimised S of reit is 99.91158048007091
K of reit is 103.97513482784737.Optimised K of reit is 94.97513482784737
put option of reit is 0.0, call option of reit is 4.27486517215263, and caller option of reit is 4.27486517215263
profit/loss of reit option is 4.93644565222354
S of reit is 99.25.Optimised S of reit is 99.63844614792029
K of reit is 103.9962036672275.Optimised K of reit is 94.9962036672275
put option of reit is 0.0, call option of reit is 4.253796332772495, and caller option of reit is 4.253796332772495
profit/loss of reit option is 4.642242480692786
S of reit is 99.25.Optimised S of reit is 99.73596516462491
K of reit is 104.0123494656016.Optimised K of reit is 95.0123494656016
put option of reit is 0.0, call option of reit is 4.237650534398398, and caller option of reit is 4.237650534398398
profit/loss of reit option is 4.723615699023313
S of reit is 99.25.Optimised S of reit is 99.83591135284
K of reit is 104.0286258212562.Optimised K of reit is 95.0286258212562
put option of reit is 0.0, call option of reit is 4.221374178743801, and caller option of reit is 4.221374178743801
profit/loss of reit option is 4.807285531583801
S of reit is 99.25.Optimised S of reit is 99.60780605521317
K of reit is 104.02660010546565.Optimised K of reit is 95.02660010546565
put option of reit is 0.0, call option of reit is 4.223399894534353, and caller option of reit is 4.223399894534353
profit/loss of reit option is 4.5812059497475275
S of reit is 99.25.Optimised S of reit is 99.70672809635012
K of reit is 104.03517703772086.Optimised K of reit is 95.03517703772086
put option of reit is 0.0, call option of reit is 4.214822962279143, and caller option of reit is 4.214822962279143
profit/loss of reit option is 4.671551058629262
S of reit is 99.25.Optimised S of reit is 99.51823753868061
K of reit is 104.05655393693897.Optimised K of reit is 95.05655393693897
put option of reit is 0.0, call option of reit is 4.193446063061032, and caller option of reit is 4.193446063061032
profit/loss of reit option is 4.46168360174164
S of reit is 99.25.Optimised S of reit is 99.68246202907268
K of reit is 104.0755503466309.Optimised K of reit is 95.0755503466309
put option of reit is 0.0, call option of reit is 4.174449653369095, and caller option of reit is 4.174449653369095
profit/loss of reit option is 4.606911682441776
S of reit is 99.25.Optimised S of reit is 99.89209031709814
K of reit is 104.07991871138005.Optimised K of reit is 95.07991871138005
put option of reit is 0.0, call option of reit is 4.170081288619954, and caller option of reit is 4.170081288619954
profit/loss of reit option is 4.812171605718092
S of reit is 99.25.Optimised S of reit is 99.85886094331418
K of reit is 104.10613137411143.Optimised K of reit is 95.10613137411143
put option of reit is 0.0, call option of reit is 4.143868625888572, and caller option of reit is 4.143868625888572
profit/loss of reit option is 4.7527295692027565
S of reit is 99.25.Optimised S of reit is 100.16610622783485
K of reit is 104.12833090162509.Optimised K of reit is 95.12833090162509
put option of reit is 0.0, call option of reit is 4.121669098374909, and caller option of reit is 4.121669098374909
profit/loss of reit option is 5.037775326209754
S of reit is 99.25.Optimised S of reit is 99.59289724146136
K of reit is 104.1564858383341.Optimised K of reit is 95.1564858383341
put option of reit is 0.0, call option of reit is 4.093514161665894, and caller option of reit is 4.093514161665894
profit/loss of reit option is 4.436411403127252
S of reit is 99.25.Optimised S of reit is 99.78204657811405
K of reit is 104.18557095570186.Optimised K of reit is 95.18557095570186
put option of reit is 0.0, call option of reit is 4.064429044298137, and caller option of reit is 4.064429044298137
profit/loss of reit option is 4.596475622412186
S of reit is 99.25.Optimised S of reit is 99.79812003044135
K of reit is 104.21436426854173.Optimised K of reit is 95.21436426854173
put option of reit is 0.0, call option of reit is 4.035635731458271, and caller option of reit is 4.035635731458271
profit/loss of reit option is 4.583755761899624
S of reit is 99.25.Optimised S of reit is 99.80210738668556
K of reit is 104.09907087297967.Optimised K of reit is 95.09907087297967
put option of reit is 0.0, call option of reit is 4.1509291270203335, and caller option of reit is 4.1509291270203335
profit/loss of reit option is 4.7030365137058965
S of reit is 99.25.Optimised S of reit is 99.67496516278216
K of reit is 104.12762399841516.Optimised K of reit is 95.12762399841516
put option of reit is 0.0, call option of reit is 4.12237600158484, and caller option of reit is 4.12237600158484
profit/loss of reit option is 4.547341164366998
S of reit is 99.25.Optimised S of reit is 100.03538681775898
K of reit is 104.15238950149964.Optimised K of reit is 95.15238950149964
put option of reit is 0.0, call option of reit is 4.097610498500359, and caller option of reit is 4.097610498500359
profit/loss of reit option is 4.882997316259335
S of reit is 99.25.Optimised S of reit is 100.03624307124042
K of reit is 104.18429305516597.Optimised K of reit is 95.18429305516597
put option of reit is 0.0, call option of reit is 4.065706944834034, and caller option of reit is 4.065706944834034
profit/loss of reit option is 4.851950016074454
S of reit is 99.25.Optimised S of reit is 99.59546148273657
K of reit is 104.2151466563874.Optimised K of reit is 95.2151466563874
put option of reit is 0.0, call option of reit is 4.034853343612596, and caller option of reit is 4.034853343612596
profit/loss of reit option is 4.380314826349164
S of reit is 99.25.Optimised S of reit is 99.75869468518145
K of reit is 104.22436307188549.Optimised K of reit is 95.22436307188549
put option of reit is 0.0, call option of reit is 4.025636928114508, and caller option of reit is 4.025636928114508
profit/loss of reit option is 4.5343316132959615
S of reit is 99.25.Optimised S of reit is 99.87445594310297
K of reit is 104.260241141343.Optimised K of reit is 95.260241141343
put option of reit is 0.0, call option of reit is 3.989758858656998, and caller option of reit is 3.989758858656998
profit/loss of reit option is 4.614214801759971
S of reit is 99.25.Optimised S of reit is 99.71102805684012
K of reit is 104.28477075789907.Optimised K of reit is 95.28477075789907
put option of reit is 7.553050515392727e-32, call option of reit is 3.965229242100932, and caller option of reit is 3.965229242100932
profit/loss of reit option is 4.426257298941053
S of reit is 99.25.Optimised S of reit is 99.73496285304245
K of reit is 104.32370675880985.Optimised K of reit is 95.32370675880985
put option of reit is 1.0532175215918249e-29, call option of reit is 3.9262932411901517, and caller option of reit is 3.9262932411901517
profit/loss of reit option is 4.4112560942325985
S of reit is 99.25.Optimised S of reit is 99.63665269567194
K of reit is 104.32163740379846.Optimised K of reit is 95.32163740379846
put option of reit is 9.345498435118538e-30, call option of reit is 3.928362596201538, and caller option of reit is 3.928362596201538
profit/loss of reit option is 4.315015291873479
S of reit is 99.25.Optimised S of reit is 99.58485196359233
K of reit is 104.36290812905136.Optimised K of reit is 95.36290812905136
put option of reit is 6.436664530719528e-28, call option of reit is 3.8870918709486375, and caller option of reit is 3.8870918709486375
profit/loss of reit option is 4.221943834540966
S of reit is 99.25.Optimised S of reit is 99.86484427877696
K of reit is 104.35532283893723.Optimised K of reit is 95.35532283893723
put option of reit is 4.363980586240707e-28, call option of reit is 3.8946771610627735, and caller option of reit is 3.8946771610627735
profit/loss of reit option is 4.50952143983973
S of reit is 99.25.Optimised S of reit is 99.92302012069182
K of reit is 104.39947806513001.Optimised K of reit is 95.39947806513001
put option of reit is 2.1780707679391038e-26, call option of reit is 3.850521934869988, and caller option of reit is 3.850521934869988
profit/loss of reit option is 4.523542055561805
S of reit is 99.25.Optimised S of reit is 99.73568842799885
K of reit is 104.41576180396513.Optimised K of reit is 95.41576180396513
put option of reit is 1.1816614879821224e-25, call option of reit is 3.8342381960348746, and caller option of reit is 3.8342381960348746
profit/loss of reit option is 4.319926624033727
S of reit is 99.25.Optimised S of reit is 99.86978346417315
K of reit is 104.46424814756884.Optimised K of reit is 95.46424814756884
put option of reit is 6.69920773968157e-24, call option of reit is 3.7857518524311615, and caller option of reit is 3.7857518524311615
profit/loss of reit option is 4.405535316604315
S of reit is 99.25.Optimised S of reit is 99.54087242423195
K of reit is 104.49480755346995.Optimised K of reit is 95.49480755346995
put option of reit is 6.330741052318136e-23, call option of reit is 3.755192446530046, and caller option of reit is 3.755192446530046
profit/loss of reit option is 4.046064870761995
S of reit is 99.25.Optimised S of reit is 99.63737066573803
K of reit is 104.54129692620147.Optimised K of reit is 95.54129692620147
put option of reit is 1.4344521736135588e-21, call option of reit is 3.7087030737985316, and caller option of reit is 3.7087030737985316
profit/loss of reit option is 4.096073739536564
S of reit is 99.25.Optimised S of reit is 99.86139359797632
K of reit is 104.57673072489209.Optimised K of reit is 95.57673072489209
put option of reit is 1.2949637304921726e-20, call option of reit is 3.673269275107913, and caller option of reit is 3.673269275107913
profit/loss of reit option is 4.28466287308423
S of reit is 99.25.Optimised S of reit is 99.97808876046362
K of reit is 104.605234496123.Optimised K of reit is 95.605234496123
put option of reit is 3.6733080679801426e-20, call option of reit is 3.6447655038769966, and caller option of reit is 3.6447655038769966
profit/loss of reit option is 4.372854264340617
S of reit is 99.25.Optimised S of reit is 99.80034071044379
K of reit is 104.64804022022483.Optimised K of reit is 95.64804022022483
put option of reit is 3.8523560877939264e-19, call option of reit is 3.6019597797751715, and caller option of reit is 3.6019597797751715
profit/loss of reit option is 4.152300490218963
S of reit is 99.25.Optimised S of reit is 99.96691891023092
K of reit is 104.53670364738653.Optimised K of reit is 95.53670364738653
put option of reit is 1.0917056420130313e-21, call option of reit is 3.713296352613469, and caller option of reit is 3.713296352613469
profit/loss of reit option is 4.430215262844385
S of reit is 99.25.Optimised S of reit is 99.85887328104373
K of reit is 104.24490239480771.Optimised K of reit is 95.24490239480771
put option of reit is 0.0, call option of reit is 4.00509760519229, and caller option of reit is 4.00509760519229
profit/loss of reit option is 4.613970886236018
S of reit is 99.25.Optimised S of reit is 99.86359948621833
K of reit is 104.28570734380469.Optimised K of reit is 95.28570734380469
put option of reit is 8.112239740581728e-32, call option of reit is 3.964292656195312, and caller option of reit is 3.964292656195312
profit/loss of reit option is 4.577892142413646
S of reit is 99.25.Optimised S of reit is 99.86782139771049
K of reit is 104.31859148756453.Optimised K of reit is 95.31859148756453
put option of reit is 7.595442303388719e-30, call option of reit is 3.9314085124354676, and caller option of reit is 3.9314085124354676
profit/loss of reit option is 4.549229910145954
S of reit is 99.25.Optimised S of reit is 99.65635925958581
K of reit is 104.37223663762907.Optimised K of reit is 95.37223663762907
put option of reit is 8.970299542655641e-28, call option of reit is 3.877763362370928, and caller option of reit is 3.877763362370928
profit/loss of reit option is 4.28412262195674
S of reit is 99.25.Optimised S of reit is 99.79049487591296
K of reit is 104.42569814920707.Optimised K of reit is 95.42569814920707
put option of reit is 3.1979163754748103e-25, call option of reit is 3.824301850792935, and caller option of reit is 3.824301850792935
profit/loss of reit option is 4.36479672670589
S of reit is 99.25.Optimised S of reit is 99.96507955582814
K of reit is 104.35167398983441.Optimised K of reit is 95.35167398983441
put option of reit is 3.3628913374424463e-28, call option of reit is 3.89832601016559, and caller option of reit is 3.89832601016559
profit/loss of reit option is 4.61340556599373
S of reit is 99.25.Optimised S of reit is 99.93698632997788
K of reit is 104.4276118211373.Optimised K of reit is 95.4276118211373
put option of reit is 3.5847161575441942e-25, call option of reit is 3.8223881788626954, and caller option of reit is 3.8223881788626954
profit/loss of reit option is 4.50937450884058
S of reit is 99.25.Optimised S of reit is 99.59599782730606
K of reit is 103.98558500313621.Optimised K of reit is 94.98558500313621
put option of reit is 0.0, call option of reit is 4.264414996863792, and caller option of reit is 4.264414996863792
profit/loss of reit option is 4.610412824169856
S of reit is 99.25.Optimised S of reit is 99.8379835843187
K of reit is 103.94088074388237.Optimised K of reit is 94.94088074388237
put option of reit is 0.0, call option of reit is 4.309119256117626, and caller option of reit is 4.309119256117626
profit/loss of reit option is 4.897102840436332
S of reit is 99.25.Optimised S of reit is 99.66175759061105
K of reit is 103.98159489624942.Optimised K of reit is 94.98159489624942
put option of reit is 0.0, call option of reit is 4.268405103750581, and caller option of reit is 4.268405103750581
profit/loss of reit option is 4.680162694361627
S of reit is 99.25.Optimised S of reit is 99.87445120762418
K of reit is 103.68565428420915.Optimised K of reit is 94.68565428420915
put option of reit is 0.0, call option of reit is 4.56434571579085, and caller option of reit is 4.56434571579085
profit/loss of reit option is 5.188796923415026
S of reit is 99.25.Optimised S of reit is 99.65838887768834
K of reit is 103.76844366864717.Optimised K of reit is 94.76844366864717
put option of reit is 0.0, call option of reit is 4.481556331352834, and caller option of reit is 4.481556331352834
profit/loss of reit option is 4.889945209041173
S of reit is 99.25.Optimised S of reit is 99.79956475369656
K of reit is 103.83255829857222.Optimised K of reit is 94.83255829857222
put option of reit is 0.0, call option of reit is 4.4174417014277765, and caller option of reit is 4.4174417014277765
profit/loss of reit option is 4.967006455124334
S of reit is 99.25.Optimised S of reit is 99.93384462775546
K of reit is 103.93803781855921.Optimised K of reit is 94.93803781855921
put option of reit is 0.0, call option of reit is 4.311962181440791, and caller option of reit is 4.311962181440791
profit/loss of reit option is 4.995806809196253
S of reit is 99.25.Optimised S of reit is 99.71868532288168
K of reit is 104.06117269376628.Optimised K of reit is 95.06117269376628
put option of reit is 0.0, call option of reit is 4.188827306233719, and caller option of reit is 4.188827306233719
profit/loss of reit option is 4.657512629115402
